\BOOKMARK [-1][-]{part.1}{\376\377\000I\000\040\000H\000y\000p\000e\000r\000s\000t\000a\000t\000i\000s\000m\000e\000\040\000e\000t\000\040\000t\000h\000\351\000o\000r\000i\000e\000\040\000d\000e\000s\000\040\000m\000\351\000c\000a\000n\000i\000s\000m\000e\000s}{}% 1
\BOOKMARK [0][-]{chapter.1}{\376\377\000C\000H\000S\000\040\040\023\000\040\0000\0003\000\040\040\023\000\040\000H\000S}{part.1}% 2
\BOOKMARK [1][-]{section.1.1}{\376\377\000S\000y\000s\000t\000\350\000m\000e\000\040\000E\000P\000A\000S\000\040\000\040}{chapter.1}% 3
\BOOKMARK [1][-]{section.1.2}{\376\377\000\040\000T\000r\000a\000i\000n\000\040\000a\000v\000a\000n\000t\000\040\000d\000'\000A\0003\0005\0000\000\040\040\023\000\040\0009\0000\0000\000\040}{chapter.1}% 4
\BOOKMARK [1][-]{section.1.3}{\376\377\000P\000i\000n\000c\000e\000\040\000R\000o\000b\000o\000v\000o\000l\000c\000\040\000\040}{chapter.1}% 5
\BOOKMARK [1][-]{section.1.4}{\376\377\000R\000o\000b\000o\000v\000o\000l\000c\000\040\000\040}{chapter.1}% 6
\BOOKMARK [1][-]{section.1.5}{\376\377\000T\000r\000i\000p\000t\000\351\000o\000r\000\040\000\040}{chapter.1}% 7
\BOOKMARK [1][-]{section.1.6}{\376\377\000S\000c\000o\000o\000t\000e\000r\000\040\000P\000i\000a\000g\000g\000i\000o\000\040\000\040}{chapter.1}% 8
\BOOKMARK [1][-]{section.1.7}{\376\377\000M\000a\000c\000h\000i\000n\000e\000\040\000\340\000\040\000v\000e\000n\000d\000a\000n\000g\000e\000r\000\040\000\040}{chapter.1}% 9
\BOOKMARK [1][-]{section.1.8}{\376\377\000R\000o\000b\000u\000r\000o\000c\000\040}{chapter.1}% 10
\BOOKMARK [1][-]{section.1.9}{\376\377\000N\000a\000c\000e\000l\000l\000e\000\040\000a\000r\000t\000i\000c\000u\000l\000e\000\040\000d\000e\000\040\000g\000r\000a\000n\000d\000e\000\040\000p\000o\000r\000t\000\351\000e\000\040\000\040}{chapter.1}% 11
\BOOKMARK [-1][-]{part.2}{\376\377\000I\000I\000\040\000C\000i\000n\000\351\000m\000a\000t\000i\000q\000u\000e}{}% 12
\BOOKMARK [0][-]{chapter.2}{\376\377\000C\000I\000N\000\040\040\023\000\040\0000\0001\000\040\040\023\000\040\000P\000a\000r\000a\000m\000e\000t\000r\000a\000g\000e}{part.2}% 13
\BOOKMARK [1][-]{section.2.1}{\376\377\000M\000o\000u\000v\000e\000m\000e\000n\000t\000\040\000T\000\040\040\023\000\040\000\040}{chapter.2}% 14
\BOOKMARK [1][-]{section.2.2}{\376\377\000M\000o\000u\000v\000e\000m\000e\000n\000t\000\040\000T\000\040\040\023\000\040\000\040}{chapter.2}% 15
\BOOKMARK [1][-]{section.2.3}{\376\377\000M\000o\000u\000v\000e\000m\000e\000n\000t\000\040\000R\000\040\000\040}{chapter.2}% 16
\BOOKMARK [1][-]{section.2.4}{\376\377\000M\000o\000u\000v\000e\000m\000e\000n\000t\000\040\000R\000\040\000\040}{chapter.2}% 17
\BOOKMARK [1][-]{section.2.5}{\376\377\000M\000o\000u\000v\000e\000m\000e\000n\000t\000\040\000T\000T\000\040\040\023\000\040\000\040}{chapter.2}% 18
\BOOKMARK [1][-]{section.2.6}{\376\377\000M\000o\000u\000v\000e\000m\000e\000n\000t\000\040\000T\000T\000\040\040\023\000\040\000\040}{chapter.2}% 19
\BOOKMARK [1][-]{section.2.7}{\376\377\000M\000o\000u\000v\000e\000m\000e\000n\000t\000\040\000R\000R\000\040\000\040}{chapter.2}% 20
\BOOKMARK [1][-]{section.2.8}{\376\377\000M\000o\000u\000v\000e\000m\000e\000n\000t\000\040\000R\000R\000\040\000\040}{chapter.2}% 21
\BOOKMARK [1][-]{section.2.9}{\376\377\000M\000o\000u\000v\000e\000m\000e\000n\000t\000\040\000R\000T\000\040\000\040}{chapter.2}% 22
\BOOKMARK [1][-]{section.2.10}{\376\377\000M\000o\000u\000v\000e\000m\000e\000n\000t\000\040\000R\000T\000\040\000\040}{chapter.2}% 23
\BOOKMARK [1][-]{section.2.11}{\376\377\000M\000o\000u\000v\000e\000m\000e\000n\000t\000\040\000R\000T\000\040\000\040}{chapter.2}% 24
\BOOKMARK [1][-]{section.2.12}{\376\377\000M\000o\000u\000v\000e\000m\000e\000n\000t\000\040\000R\000T\000\040\000\040}{chapter.2}% 25
\BOOKMARK [1][-]{section.2.13}{\376\377\000M\000o\000u\000v\000e\000m\000e\000n\000t\000\040\000R\000R\000\040\0003\000D\000\040\000\040}{chapter.2}% 26
\BOOKMARK [1][-]{section.2.14}{\376\377\000M\000o\000u\000v\000e\000m\000e\000n\000t\000\040\000R\000R\000\040\0003\000D\000\040\000\040}{chapter.2}% 27
\BOOKMARK [1][-]{section.2.15}{\376\377\000M\000o\000u\000v\000e\000m\000e\000n\000t\000\040\000R\000R\000\040\0003\000D\000\040\000\040}{chapter.2}% 28
\BOOKMARK [1][-]{section.2.16}{\376\377\000M\000o\000u\000v\000e\000m\000e\000n\000t\000\040\000R\000R\000\040\0003\000D\000\040\000\040}{chapter.2}% 29
\BOOKMARK [1][-]{section.2.17}{\376\377\000M\000o\000u\000v\000e\000m\000e\000n\000t\000\040\000R\000T\000\040\040\023\000\040\000R\000S\000G\000\040\000\040}{chapter.2}% 30
\BOOKMARK [1][-]{section.2.18}{\376\377\000B\000o\000r\000n\000e\000\040\000r\000\351\000g\000l\000a\000b\000l\000e\000\040\000\040}{chapter.2}% 31
\BOOKMARK [1][-]{section.2.19}{\376\377\000R\000o\000b\000o\000t\000\040\000d\000e\000\040\000t\000o\000i\000t\000\040\000\040}{chapter.2}% 32
\BOOKMARK [1][-]{section.2.20}{\376\377\000P\000o\000m\000p\000e\000\040\000E\000N\000S\000I\000E\000T\000A\000\040\000\040}{chapter.2}% 33
\BOOKMARK [1][-]{section.2.21}{\376\377\000C\000a\000l\000c\000u\000l\000\040\000v\000e\000c\000t\000o\000r\000i\000e\000l\000\040}{chapter.2}% 34
\BOOKMARK [1][-]{section.2.22}{\376\377\000P\000o\000m\000p\000e\000\040\000\340\000\040\000p\000a\000l\000e\000t\000t\000e\000s\000\040\000\040}{chapter.2}% 35
\BOOKMARK [1][-]{section.2.23}{\376\377\000P\000o\000m\000p\000e\000\040\000\340\000\040\000p\000i\000s\000t\000o\000n\000\040\000a\000x\000i\000a\000l\000\040\000\040}{chapter.2}% 36
\BOOKMARK [1][-]{section.2.24}{\376\377\000S\000y\000s\000t\000\350\000m\000e\000\040\000b\000i\000e\000l\000l\000e\000\040\000m\000a\000n\000i\000v\000e\000l\000l\000e\000\040\000\040}{chapter.2}% 37
\BOOKMARK [1][-]{section.2.25}{\376\377\000S\000y\000s\000t\000\350\000m\000e\000\040\000d\000e\000\040\000t\000r\000a\000n\000s\000f\000o\000r\000m\000a\000t\000i\000o\000n\000\040\000d\000e\000\040\000m\000o\000u\000v\000e\000m\000e\000n\000t\000\040\000\040}{chapter.2}% 38
\BOOKMARK [1][-]{section.2.26}{\376\377\000B\000a\000r\000r\000i\000\350\000r\000e\000\040\000S\000y\000m\000p\000a\000c\000t\000\040\000\040}{chapter.2}% 39
\BOOKMARK [1][-]{section.2.27}{\376\377\000B\000a\000r\000r\000i\000\350\000r\000e\000\040\000S\000y\000m\000p\000a\000c\000t\000\040\000\040}{chapter.2}% 40
\BOOKMARK [1][-]{section.2.28}{\376\377\000P\000o\000u\000s\000s\000o\000i\000r\000\040\000\040}{chapter.2}% 41
\BOOKMARK [1][-]{section.2.29}{\376\377\000S\000y\000s\000t\000\350\000m\000e\000\040\0004\000\040\000b\000a\000r\000r\000e\000s\000\040\000\040}{chapter.2}% 42
\BOOKMARK [1][-]{section.2.30}{\376\377\000M\000a\000x\000p\000i\000d\000\040\000\040}{chapter.2}% 43
\BOOKMARK [1][-]{section.2.31}{\376\377\000M\000o\000u\000v\000e\000m\000e\000n\000t\000\040\000R\000R\000\040\040\023\000\040\000R\000S\000G\000\040\000\040}{chapter.2}% 44
\BOOKMARK [1][-]{section.2.32}{\376\377\000T\000a\000b\000o\000u\000r\000e\000t\000\040\000\040}{chapter.2}% 45
\BOOKMARK [1][-]{section.2.33}{\376\377\000T\000a\000b\000o\000u\000r\000e\000t\000\040\000\040}{chapter.2}% 46
\BOOKMARK [0][-]{chapter.3}{\376\377\000C\000I\000N\000\040\040\023\000\040\0000\0002\000\040\040\023\000\040\000V\000i\000t\000e\000s\000s\000e\000\040\000A\000c\000c\000e\000l\000e\000r\000a\000t\000i\000o\000n}{part.2}% 47
\BOOKMARK [1][-]{section.3.1}{\376\377\000M\000o\000u\000v\000e\000m\000e\000n\000t\000\040\000T\000\040\040\023\000\040\000\040}{chapter.3}% 48
\BOOKMARK [1][-]{section.3.2}{\376\377\000M\000o\000u\000v\000e\000m\000e\000n\000t\000\040\000T\000\040\040\023\000\040\000\040}{chapter.3}% 49
\BOOKMARK [1][-]{section.3.3}{\376\377\000M\000o\000u\000v\000e\000m\000e\000n\000t\000\040\000R\000\040\000\040}{chapter.3}% 50
\BOOKMARK [1][-]{section.3.4}{\376\377\000M\000o\000u\000v\000e\000m\000e\000n\000t\000\040\000R\000\040\000\040}{chapter.3}% 51
\BOOKMARK [1][-]{section.3.5}{\376\377\000M\000o\000u\000v\000e\000m\000e\000n\000t\000\040\000T\000T\000\040\040\023\000\040\000\040}{chapter.3}% 52
\BOOKMARK [1][-]{section.3.6}{\376\377\000M\000o\000u\000v\000e\000m\000e\000n\000t\000\040\000T\000T\000\040\040\023\000\040\000\040}{chapter.3}% 53
\BOOKMARK [1][-]{section.3.7}{\376\377\000M\000o\000u\000v\000e\000m\000e\000n\000t\000\040\000R\000R\000\040\000\040}{chapter.3}% 54
\BOOKMARK [1][-]{section.3.8}{\376\377\000M\000o\000u\000v\000e\000m\000e\000n\000t\000\040\000R\000R\000\040\000\040}{chapter.3}% 55
\BOOKMARK [1][-]{section.3.9}{\376\377\000M\000o\000u\000v\000e\000m\000e\000n\000t\000\040\000R\000T\000\040\000\040}{chapter.3}% 56
\BOOKMARK [1][-]{section.3.10}{\376\377\000M\000o\000u\000v\000e\000m\000e\000n\000t\000\040\000R\000T\000\040\000\040}{chapter.3}% 57
\BOOKMARK [1][-]{section.3.11}{\376\377\000M\000o\000u\000v\000e\000m\000e\000n\000t\000\040\000R\000T\000\040\000\040}{chapter.3}% 58
\BOOKMARK [1][-]{section.3.12}{\376\377\000M\000o\000u\000v\000e\000m\000e\000n\000t\000\040\000T\000R\000\040\000\040}{chapter.3}% 59
\BOOKMARK [1][-]{section.3.13}{\376\377\000M\000o\000u\000v\000e\000m\000e\000n\000t\000\040\000R\000R\000\040\0003\000D\000\040\000\040}{chapter.3}% 60
\BOOKMARK [1][-]{section.3.14}{\376\377\000M\000o\000u\000v\000e\000m\000e\000n\000t\000\040\000R\000R\000\040\0003\000D\000\040\000\040}{chapter.3}% 61
\BOOKMARK [1][-]{section.3.15}{\376\377\000M\000o\000u\000v\000e\000m\000e\000n\000t\000\040\000R\000R\000\040\0003\000D\000\040\000\040}{chapter.3}% 62
\BOOKMARK [1][-]{section.3.16}{\376\377\000M\000o\000u\000v\000e\000m\000e\000n\000t\000\040\000R\000R\000\040\0003\000D\000\040\000\040}{chapter.3}% 63
\BOOKMARK [1][-]{section.3.17}{\376\377\000M\000o\000u\000v\000e\000m\000e\000n\000t\000\040\000R\000T\000\040\040\023\000\040\000R\000S\000G\000\040\000\040}{chapter.3}% 64
\BOOKMARK [1][-]{section.3.18}{\376\377\000M\000o\000u\000v\000e\000m\000e\000n\000t\000\040\000R\000T\000R\000\040\000\040}{chapter.3}% 65
\BOOKMARK [1][-]{section.3.19}{\376\377\000P\000o\000m\000p\000e\000\040\000\340\000\040\000p\000a\000l\000e\000t\000t\000e\000s\000\040\000\040}{chapter.3}% 66
\BOOKMARK [1][-]{section.3.20}{\376\377\000P\000o\000m\000p\000e\000\040\000\340\000\040\000p\000i\000s\000t\000o\000n\000\040\000a\000x\000i\000a\000l\000\040\000\040}{chapter.3}% 67
\BOOKMARK [1][-]{section.3.21}{\376\377\000S\000y\000s\000t\000\350\000m\000e\000\040\000b\000i\000e\000l\000l\000e\000\040\000m\000a\000n\000i\000v\000e\000l\000l\000e\000\040\000\040}{chapter.3}% 68
\BOOKMARK [1][-]{section.3.22}{\376\377\000S\000y\000s\000t\000\350\000m\000e\000\040\000d\000e\000\040\000t\000r\000a\000n\000s\000f\000o\000r\000m\000a\000t\000i\000o\000n\000\040\000d\000e\000\040\000m\000o\000u\000v\000e\000m\000e\000n\000t\000\040\000\040}{chapter.3}% 69
\BOOKMARK [1][-]{section.3.23}{\376\377\000B\000a\000r\000r\000i\000\350\000r\000e\000\040\000S\000y\000m\000p\000a\000c\000t\000\040\000\040}{chapter.3}% 70
\BOOKMARK [1][-]{section.3.24}{\376\377\000B\000a\000r\000r\000i\000\350\000r\000e\000\040\000S\000y\000m\000p\000a\000c\000t\000\040\000\040}{chapter.3}% 71
\BOOKMARK [1][-]{section.3.25}{\376\377\000P\000o\000u\000s\000s\000o\000i\000r\000\040\000\040}{chapter.3}% 72
\BOOKMARK [1][-]{section.3.26}{\376\377\000S\000y\000s\000t\000\350\000m\000e\000\040\0004\000\040\000b\000a\000r\000r\000e\000s\000\040\000\040}{chapter.3}% 73
\BOOKMARK [1][-]{section.3.27}{\376\377\000M\000a\000x\000p\000i\000d\000\040\000\040}{chapter.3}% 74
\BOOKMARK [1][-]{section.3.28}{\376\377\000M\000o\000u\000v\000e\000m\000e\000n\000t\000\040\000R\000R\000\040\040\023\000\040\000R\000S\000G\000\040\000\040}{chapter.3}% 75
\BOOKMARK [0][-]{chapter.4}{\376\377\000C\000I\000N\000\040\040\023\000\040\0000\0003\000\040\040\023\000\040\000T\000r\000a\000n\000s\000m\000e\000t\000t\000e\000u\000r\000s}{part.2}% 76
\BOOKMARK [1][-]{section.4.1}{\376\377\000T\000r\000a\000i\000n\000\040\000s\000i\000m\000p\000l\000e\000\040\000\040}{chapter.4}% 77
\BOOKMARK [1][-]{section.4.2}{\376\377\000T\000r\000a\000i\000n\000\040\000s\000i\000m\000p\000l\000e\000\040\000\040}{chapter.4}% 78
\BOOKMARK [1][-]{section.4.3}{\376\377\000T\000r\000a\000i\000n\000\040\000s\000i\000m\000p\000l\000e\000\040\000\040}{chapter.4}% 79
\BOOKMARK [1][-]{section.4.4}{\376\377\000T\000r\000a\000i\000n\000\040\000s\000i\000m\000p\000l\000e\000\040\000\040}{chapter.4}% 80
\BOOKMARK [1][-]{section.4.5}{\376\377\000C\000h\000e\000v\000i\000l\000l\000e\000\040\000r\000o\000b\000o\000t\000\040\000N\000A\000O\000\040}{chapter.4}% 81
\BOOKMARK [1][-]{section.4.6}{\376\377\000T\000r\000a\000i\000n\000\040\000s\000i\000m\000p\000l\000e\000\040\000\040}{chapter.4}% 82
\BOOKMARK [1][-]{section.4.7}{\376\377\000T\000r\000a\000i\000n\000\040\000s\000i\000m\000p\000l\000e\000\040\000\040}{chapter.4}% 83
\BOOKMARK [1][-]{section.4.8}{\376\377\000T\000r\000a\000i\000n\000\040\000s\000i\000m\000p\000l\000e\000\040\000\040}{chapter.4}% 84
\BOOKMARK [1][-]{section.4.9}{\376\377\000T\000r\000a\000i\000n\000\040\000s\000i\000m\000p\000l\000e\000\040\000\040}{chapter.4}% 85
\BOOKMARK [1][-]{section.4.10}{\376\377\000T\000r\000a\000i\000n\000\040\000s\000i\000m\000p\000l\000e\000\040\000\040}{chapter.4}% 86
\BOOKMARK [1][-]{section.4.11}{\376\377\000P\000o\000u\000l\000i\000e\000\040\000R\000e\000d\000e\000x\000\040\000\040}{chapter.4}% 87
\BOOKMARK [1][-]{section.4.12}{\376\377\000T\000r\000a\000i\000n\000\040\000s\000i\000m\000p\000l\000e\000\040\000\040}{chapter.4}% 88
\BOOKMARK [1][-]{section.4.13}{\376\377\000C\000e\000n\000t\000r\000i\000f\000u\000g\000e\000u\000s\000e\000\040\000d\000e\000s\000\040\000b\000o\000u\000e\000s\000\040\000\040}{chapter.4}% 89
\BOOKMARK [1][-]{section.4.14}{\376\377\000T\000r\000a\000i\000n\000\040\000s\000i\000m\000p\000l\000e\000\040\000\040}{chapter.4}% 90
\BOOKMARK [1][-]{section.4.15}{\376\377\000T\000r\000a\000c\000t\000e\000u\000r\000\040\000F\000e\000n\000d\000t\000\040\000\040}{chapter.4}% 91
\BOOKMARK [1][-]{section.4.16}{\376\377\000S\000y\000s\000t\000\350\000m\000e\000\040\000v\000i\000s\000-\000\351\000c\000r\000o\000u\000\040\000\040}{chapter.4}% 92
\BOOKMARK [1][-]{section.4.17}{\376\377\000T\000r\000a\000i\000n\000\040\000s\000i\000m\000p\000l\000e\000\040\000\040}{chapter.4}% 93
\BOOKMARK [1][-]{section.4.18}{\376\377\000T\000r\000e\000u\000i\000l\000\040\000d\000e\000\040\000l\000e\000v\000a\000g\000e\000\040\000\040}{chapter.4}% 94
\BOOKMARK [1][-]{section.4.19}{\376\377\000T\000r\000e\000u\000i\000l\000\040\000d\000e\000\040\000l\000e\000v\000a\000g\000e\000\040\000\040}{chapter.4}% 95
\BOOKMARK [1][-]{section.4.20}{\376\377\000R\000o\000b\000o\000t\000\040\000c\000o\000l\000o\000s\000s\000u\000s\000\040\000\040}{chapter.4}% 96
\BOOKMARK [-1][-]{part.3}{\376\377\000I\000I\000I\000\040\000C\000o\000r\000r\000e\000c\000t\000i\000o\000n\000\040\000d\000e\000s\000\040\000s\000y\000s\000t\000\350\000m\000e\000s\000\040\000a\000s\000s\000e\000r\000v\000i\000s}{}% 97
\BOOKMARK [0][-]{chapter.5}{\376\377\000C\000O\000R\000\040\040\023\000\040\0000\0002\000\040\040\023\000\040\000P}{part.3}% 98
\BOOKMARK [1][-]{section.5.1}{\376\377\000S\000y\000s\000t\000\350\000m\000e\000\040\000\351\000c\000l\000i\000p\000s\000e\000\040\000\040}{chapter.5}% 99
\BOOKMARK [0][-]{chapter.6}{\376\377\000C\000O\000R\000\040\040\023\000\040\0000\0003\000\040\040\023\000\040\000P\000I}{part.3}% 100
\BOOKMARK [1][-]{section.6.1}{\376\377\000E\000x\000e\000r\000c\000i\000c\000e\000\040\000E\000P\000A\000S\000\040\000\040}{chapter.6}% 101
\BOOKMARK [1][-]{section.6.2}{\376\377\000S\000y\000s\000t\000\350\000m\000e\000\040\000\351\000c\000l\000i\000p\000s\000e\000\040\000\040}{chapter.6}% 102
\BOOKMARK [1][-]{section.6.3}{\376\377\000M\000i\000c\000r\000o\000m\000a\000n\000i\000p\000u\000l\000a\000t\000e\000u\000r\000\040\000\040}{chapter.6}% 103
\BOOKMARK [1][-]{section.6.4}{\376\377\000P\000o\000m\000p\000e\000\040\000t\000u\000r\000b\000o\000-\000m\000o\000l\000\351\000c\000u\000l\000a\000i\000r\000e\000\040\000\040}{chapter.6}% 104
\BOOKMARK [1][-]{section.6.5}{\376\377\000R\000o\000b\000u\000r\000o\000c\000\040\000\040}{chapter.6}% 105
\BOOKMARK [1][-]{section.6.6}{\376\377\000H\000u\000b\000l\000e\000x\000\040\000\040}{chapter.6}% 106
\BOOKMARK [0][-]{chapter.7}{\376\377\000C\000O\000R\000\040\040\023\000\040\0000\0004\000\040\040\023\000\040\000A\000P}{part.3}% 107
\BOOKMARK [1][-]{section.7.1}{\376\377\000S\000y\000s\000t\000\350\000m\000e\000\040\000\351\000c\000l\000i\000p\000s\000e\000\040\000\040}{chapter.7}% 108
\BOOKMARK [-1][-]{part.4}{\376\377\000I\000V\000\040\000D\000y\000n\000a\000m\000i\000q\000u\000e}{}% 109
\BOOKMARK [0][-]{chapter.8}{\376\377\000D\000Y\000N\000\040\040\023\000\040\0000\0001}{part.4}% 110
\BOOKMARK [1][-]{section.8.1}{\376\377\000M\000o\000u\000v\000e\000m\000e\000n\000t\000\040\000T\000\040\040\023\000\040\000\040}{chapter.8}% 111
\BOOKMARK [1][-]{section.8.2}{\376\377\000M\000o\000u\000v\000e\000m\000e\000n\000t\000\040\000R\000\040\000\040}{chapter.8}% 112
\BOOKMARK [1][-]{section.8.3}{\376\377\000B\000a\000r\000r\000i\000\350\000r\000e\000\040\000S\000y\000m\000p\000a\000c\000t\000\040\000\040}{chapter.8}% 113
\BOOKMARK [1][-]{section.8.4}{\376\377\000A\000u\000t\000o\000m\000a\000t\000e\000\040\000d\040\031\000e\000x\000p\000l\000o\000r\000a\000t\000i\000o\000n\000\040\000d\000e\000\040\000l\040\031\000h\000\351\000m\000o\000s\000t\000a\000s\000e\000\040\000\040}{chapter.8}% 114
\BOOKMARK [1][-]{section.8.5}{\376\377\000A\000u\000t\000o\000m\000a\000t\000e\000\040\000d\040\031\000e\000x\000p\000l\000o\000r\000a\000t\000i\000o\000n\000\040\000d\000e\000\040\000l\040\031\000h\000\351\000m\000o\000s\000t\000a\000s\000e\000\040\000\040}{chapter.8}% 115
\BOOKMARK [1][-]{section.8.6}{\376\377\000B\000a\000n\000c\000\040\000d\000'\000\351\000p\000r\000e\000u\000v\000e\000\040\000h\000y\000d\000r\000a\000u\000l\000i\000q\000u\000e\000\040\000\040}{chapter.8}% 116
\BOOKMARK [0][-]{chapter.9}{\376\377\000D\000Y\000N\000\040\040\023\000\040\0000\0003\000\040\040\023\000\040\000I\000n\000e\000r\000t\000i\000e}{part.4}% 117
\BOOKMARK [1][-]{section.9.1}{\376\377\000P\000a\000l\000e\000\040\000h\000\351\000l\000i\000c\000o\000p\000t\000\350\000r\000e\000\040}{chapter.9}% 118
\BOOKMARK [1][-]{section.9.2}{\376\377\000P\000a\000r\000a\000l\000l\000\351\000l\000\351\000p\000i\000p\000\350\000d\000e\000\040}{chapter.9}% 119
\BOOKMARK [1][-]{section.9.3}{\376\377\000P\000a\000r\000a\000l\000l\000\351\000l\000\351\000p\000i\000p\000\350\000d\000e\000\040\000p\000e\000r\000c\000\351\000\040}{chapter.9}% 120
\BOOKMARK [1][-]{section.9.4}{\376\377\000C\000y\000l\000i\000n\000d\000r\000e\000\040\000p\000e\000r\000c\000\351\000\040\000\040}{chapter.9}% 121
\BOOKMARK [1][-]{section.9.5}{\376\377\000C\000y\000l\000i\000n\000d\000r\000e\000\040\000p\000e\000r\000c\000\351\000\040\000\040}{chapter.9}% 122
\BOOKMARK [1][-]{section.9.6}{\376\377\000D\000i\000s\000q\000u\000e\000\040\000\040}{chapter.9}% 123
\BOOKMARK [1][-]{section.9.7}{\376\377\000D\000i\000s\000q\000u\000e\000\040\000\040}{chapter.9}% 124
\BOOKMARK [1][-]{section.9.8}{\376\377\000B\000a\000n\000c\000\040\000B\000a\000l\000a\000f\000r\000e\000\040\000\040}{chapter.9}% 125
\BOOKMARK [1][-]{section.9.9}{\376\377\000E\000P\000A\000S\000\040\000\040}{chapter.9}% 126
\BOOKMARK [1][-]{section.9.10}{\376\377\000B\000a\000n\000c\000\040\000B\000a\000l\000a\000f\000r\000e\000\040\000\040}{chapter.9}% 127
\BOOKMARK [0][-]{chapter.10}{\376\377\000D\000Y\000N\000\040\040\023\000\040\0000\0004\000\040\040\023\000\040\000T\000o\000r\000s\000e\000u\000r\000\040\000D\000y\000n\000a\000m\000i\000q\000u\000e}{part.4}% 128
\BOOKMARK [1][-]{section.10.1}{\376\377\000M\000o\000u\000v\000e\000m\000e\000n\000t\000\040\000T\000\040\040\023\000\040\000\040}{chapter.10}% 129
\BOOKMARK [1][-]{section.10.2}{\376\377\000M\000o\000u\000v\000e\000m\000e\000n\000t\000\040\000T\000\040\040\023\000\040\000\040}{chapter.10}% 130
\BOOKMARK [1][-]{section.10.3}{\376\377\000M\000o\000u\000v\000e\000m\000e\000n\000t\000\040\000R\000\040\000\040}{chapter.10}% 131
\BOOKMARK [1][-]{section.10.4}{\376\377\000M\000o\000u\000v\000e\000m\000e\000n\000t\000\040\000T\000T\000\040\040\023\000\040\000\040}{chapter.10}% 132
\BOOKMARK [1][-]{section.10.5}{\376\377\000M\000o\000u\000v\000e\000m\000e\000n\000t\000\040\000R\000R\000\040\000\040}{chapter.10}% 133
\BOOKMARK [1][-]{section.10.6}{\376\377\000M\000o\000u\000v\000e\000m\000e\000n\000t\000\040\000R\000T\000\040\000\040}{chapter.10}% 134
\BOOKMARK [1][-]{section.10.7}{\376\377\000M\000o\000u\000v\000e\000m\000e\000n\000t\000\040\000T\000R\000\040\000\040}{chapter.10}% 135
\BOOKMARK [1][-]{section.10.8}{\376\377\000M\000o\000u\000v\000e\000m\000e\000n\000t\000\040\000R\000R\000\040\0003\000D\000\040\000\040}{chapter.10}% 136
\BOOKMARK [1][-]{section.10.9}{\376\377\000M\000o\000u\000v\000e\000m\000e\000n\000t\000\040\000R\000R\000\040\0003\000D\000\040\000\040}{chapter.10}% 137
\BOOKMARK [1][-]{section.10.10}{\376\377\000M\000o\000u\000v\000e\000m\000e\000n\000t\000\040\000R\000T\000\040\040\023\000\040\000R\000S\000G\000\040\000\040}{chapter.10}% 138
\BOOKMARK [1][-]{section.10.11}{\376\377\000M\000o\000u\000v\000e\000m\000e\000n\000t\000\040\000R\000T\000R\000\040\000\040}{chapter.10}% 139
\BOOKMARK [1][-]{section.10.12}{\376\377\000M\000o\000u\000v\000e\000m\000e\000n\000t\000\040\000R\000R\000\040\040\023\000\040\000R\000S\000G\000\040\000\040}{chapter.10}% 140
\BOOKMARK [1][-]{section.10.13}{\376\377\000B\000a\000n\000c\000\040\000B\000a\000l\000a\000f\000r\000e\000\040\000\040}{chapter.10}% 141
\BOOKMARK [1][-]{section.10.14}{\376\377\000E\000P\000A\000S\000\040\000\040}{chapter.10}% 142
\BOOKMARK [1][-]{section.10.15}{\376\377\000C\000o\000u\000r\000s\000\040\000d\000e\000\040\000c\000i\000n\000\351\000t\000i\000q\000u\000e\000\040\000\040}{chapter.10}% 143
\BOOKMARK [0][-]{chapter.11}{\376\377\000D\000Y\000N\000\040\040\023\000\040\0000\0004\000\040\040\023\000\040\000T\000o\000r\000s\000e\000u\000r\000\040\000D\000y\000n\000a\000m\000i\000q\000u\000e\000\040\000/\000\040\000S\000T\000O\000C\000K}{part.4}% 144
\BOOKMARK [1][-]{section.11.1}{\376\377\000M\000o\000u\000v\000e\000m\000e\000n\000t\000\040\000R\000\040\000\040}{chapter.11}% 145
\BOOKMARK [1][-]{section.11.2}{\376\377\000M\000o\000u\000v\000e\000m\000e\000n\000t\000\040\000T\000T\000\040\040\023\000\040\000\040}{chapter.11}% 146
\BOOKMARK [1][-]{section.11.3}{\376\377\000M\000o\000u\000v\000e\000m\000e\000n\000t\000\040\000R\000R\000\040\000\040}{chapter.11}% 147
\BOOKMARK [1][-]{section.11.4}{\376\377\000M\000o\000u\000v\000e\000m\000e\000n\000t\000\040\000R\000T\000\040\000\040}{chapter.11}% 148
\BOOKMARK [1][-]{section.11.5}{\376\377\000M\000o\000u\000v\000e\000m\000e\000n\000t\000\040\000R\000T\000\040\000\040}{chapter.11}% 149
\BOOKMARK [1][-]{section.11.6}{\376\377\000M\000o\000u\000v\000e\000m\000e\000n\000t\000\040\000R\000R\000\040\0003\000D\000\040\000\040}{chapter.11}% 150
\BOOKMARK [1][-]{section.11.7}{\376\377\000M\000o\000u\000v\000e\000m\000e\000n\000t\000\040\000R\000R\000\040\0003\000D\000\040\000\040}{chapter.11}% 151
\BOOKMARK [1][-]{section.11.8}{\376\377\000P\000o\000m\000p\000e\000\040\000\340\000\040\000p\000a\000l\000e\000t\000t\000e\000s\000\040\000\040}{chapter.11}% 152
\BOOKMARK [1][-]{section.11.9}{\376\377\000P\000o\000m\000p\000e\000\040\000\340\000\040\000p\000i\000s\000t\000o\000n\000s\000\040\000r\000a\000d\000i\000a\000u\000x\000\040\000\040}{chapter.11}% 153
\BOOKMARK [1][-]{section.11.10}{\376\377\000S\000y\000s\000t\000\350\000m\000e\000\040\000b\000i\000e\000l\000l\000e\000\040\000m\000a\000n\000i\000v\000e\000l\000l\000e\000\040\000\040}{chapter.11}% 154
\BOOKMARK [1][-]{section.11.11}{\376\377\000S\000y\000s\000t\000\350\000m\000e\000\040\000d\000e\000\040\000t\000r\000a\000n\000s\000f\000o\000r\000m\000a\000t\000i\000o\000n\000\040\000d\000e\000\040\000m\000o\000u\000v\000e\000m\000e\000n\000t\000\040\000\040}{chapter.11}% 155
\BOOKMARK [1][-]{section.11.12}{\376\377\000B\000a\000r\000r\000i\000\350\000r\000e\000\040\000S\000y\000m\000p\000a\000c\000t\000\040\000\040}{chapter.11}% 156
\BOOKMARK [1][-]{section.11.13}{\376\377\000B\000a\000r\000r\000i\000\350\000r\000e\000\040\000S\000y\000m\000p\000a\000c\000t\000\040\000\040}{chapter.11}% 157
\BOOKMARK [1][-]{section.11.14}{\376\377\000P\000o\000u\000s\000s\000o\000i\000r\000\040\000\040}{chapter.11}% 158
\BOOKMARK [1][-]{section.11.15}{\376\377\000S\000y\000s\000t\000\350\000m\000e\000\040\0004\000\040\000b\000a\000r\000r\000e\000s\000\040\000\040}{chapter.11}% 159
\BOOKMARK [1][-]{section.11.16}{\376\377\000M\000a\000x\000p\000i\000d\000\040\000\040}{chapter.11}% 160
\BOOKMARK [0][-]{chapter.12}{\376\377\000D\000Y\000N\000\040\040\023\000\040\0000\0005\000\040\040\023\000\040\000M\000e\000t\000h\000o\000d\000e}{part.4}% 161
\BOOKMARK [1][-]{section.12.1}{\376\377\000M\000o\000u\000v\000e\000m\000e\000n\000t\000\040\000T\000\040\040\023\000\040\000\040}{chapter.12}% 162
\BOOKMARK [1][-]{section.12.2}{\376\377\000M\000o\000u\000v\000e\000m\000e\000n\000t\000\040\000R\000\040\000\040}{chapter.12}% 163
\BOOKMARK [1][-]{section.12.3}{\376\377\000M\000o\000u\000v\000e\000m\000e\000n\000t\000\040\000T\000T\000\040\040\023\000\040\000\040}{chapter.12}% 164
\BOOKMARK [1][-]{section.12.4}{\376\377\000M\000o\000u\000v\000e\000m\000e\000n\000t\000\040\000R\000R\000\040\000\040}{chapter.12}% 165
\BOOKMARK [1][-]{section.12.5}{\376\377\000M\000o\000u\000v\000e\000m\000e\000n\000t\000\040\000R\000T\000\040\000\040}{chapter.12}% 166
\BOOKMARK [1][-]{section.12.6}{\376\377\000M\000o\000u\000v\000e\000m\000e\000n\000t\000\040\000T\000R\000\040\000\040}{chapter.12}% 167
\BOOKMARK [1][-]{section.12.7}{\376\377\000M\000o\000u\000v\000e\000m\000e\000n\000t\000\040\000R\000R\000\040\0003\000D\000\040\000\040}{chapter.12}% 168
\BOOKMARK [1][-]{section.12.8}{\376\377\000M\000o\000u\000v\000e\000m\000e\000n\000t\000\040\000R\000R\000\040\0003\000D\000\040\000\040}{chapter.12}% 169
\BOOKMARK [1][-]{section.12.9}{\376\377\000M\000o\000u\000v\000e\000m\000e\000n\000t\000\040\000R\000T\000\040\040\023\000\040\000R\000S\000G\000\040\000\040}{chapter.12}% 170
\BOOKMARK [1][-]{section.12.10}{\376\377\000M\000o\000u\000v\000e\000m\000e\000n\000t\000\040\000R\000R\000\040\040\023\000\040\000R\000S\000G\000\040\000\040}{chapter.12}% 171
\BOOKMARK [0][-]{chapter.13}{\376\377\000D\000Y\000N\000\040\040\023\000\040\0000\0005\000\040\040\023\000\040\000M\000e\000t\000h\000o\000d\000e\000\040\000/\000\040\000S\000T\000O\000C\000K}{part.4}% 172
\BOOKMARK [1][-]{section.13.1}{\376\377\000M\000o\000u\000v\000e\000m\000e\000n\000t\000\040\000T\000\040\040\023\000\040\000\040}{chapter.13}% 173
\BOOKMARK [1][-]{section.13.2}{\376\377\000M\000o\000u\000v\000e\000m\000e\000n\000t\000\040\000R\000\040\000\040}{chapter.13}% 174
\BOOKMARK [1][-]{section.13.3}{\376\377\000M\000o\000u\000v\000e\000m\000e\000n\000t\000\040\000T\000T\000\040\040\023\000\040\000\040}{chapter.13}% 175
\BOOKMARK [1][-]{section.13.4}{\376\377\000M\000o\000u\000v\000e\000m\000e\000n\000t\000\040\000R\000R\000\040\000\040}{chapter.13}% 176
\BOOKMARK [1][-]{section.13.5}{\376\377\000M\000o\000u\000v\000e\000m\000e\000n\000t\000\040\000R\000T\000\040\000\040}{chapter.13}% 177
\BOOKMARK [1][-]{section.13.6}{\376\377\000M\000o\000u\000v\000e\000m\000e\000n\000t\000\040\000R\000T\000\040\000\040}{chapter.13}% 178
\BOOKMARK [1][-]{section.13.7}{\376\377\000M\000o\000u\000v\000e\000m\000e\000n\000t\000\040\000R\000R\000\040\0003\000D\000\040\000\040}{chapter.13}% 179
\BOOKMARK [1][-]{section.13.8}{\376\377\000M\000o\000u\000v\000e\000m\000e\000n\000t\000\040\000R\000R\000\040\0003\000D\000\040\000\040}{chapter.13}% 180
\BOOKMARK [0][-]{chapter.14}{\376\377\000D\000Y\000N\000\040\040\023\000\040\0000\0006\000\040\040\023\000\040\000P\000F\000D}{part.4}% 181
\BOOKMARK [1][-]{section.14.1}{\376\377\000M\000o\000u\000v\000e\000m\000e\000n\000t\000\040\000T\000\040\040\023\000\040\000\040}{chapter.14}% 182
\BOOKMARK [1][-]{section.14.2}{\376\377\000M\000o\000u\000v\000e\000m\000e\000n\000t\000\040\000R\000\040\000\040}{chapter.14}% 183
\BOOKMARK [1][-]{section.14.3}{\376\377\000M\000o\000u\000v\000e\000m\000e\000n\000t\000\040\000T\000T\000\040\040\023\000\040\000\040}{chapter.14}% 184
\BOOKMARK [1][-]{section.14.4}{\376\377\000M\000o\000u\000v\000e\000m\000e\000n\000t\000\040\000R\000R\000\040\000\040}{chapter.14}% 185
\BOOKMARK [1][-]{section.14.5}{\376\377\000M\000o\000u\000v\000e\000m\000e\000n\000t\000\040\000R\000T\000\040\000\040}{chapter.14}% 186
\BOOKMARK [1][-]{section.14.6}{\376\377\000M\000o\000u\000v\000e\000m\000e\000n\000t\000\040\000T\000R\000\040\000\040}{chapter.14}% 187
\BOOKMARK [1][-]{section.14.7}{\376\377\000M\000o\000u\000v\000e\000m\000e\000n\000t\000\040\000R\000R\000\040\0003\000D\000\040\000\040}{chapter.14}% 188
\BOOKMARK [1][-]{section.14.8}{\376\377\000M\000o\000u\000v\000e\000m\000e\000n\000t\000\040\000R\000R\000\040\0003\000D\000\040\000\040}{chapter.14}% 189
\BOOKMARK [1][-]{section.14.9}{\376\377\000M\000o\000u\000v\000e\000m\000e\000n\000t\000\040\000R\000T\000\040\040\023\000\040\000R\000S\000G\000\040\000\040}{chapter.14}% 190
\BOOKMARK [1][-]{section.14.10}{\376\377\000M\000o\000u\000v\000e\000m\000e\000n\000t\000\040\000R\000T\000\040\040\023\000\040\000R\000S\000G\000\040\000\040}{chapter.14}% 191
\BOOKMARK [1][-]{section.14.11}{\376\377\000B\000a\000n\000c\000\040\000B\000a\000l\000a\000f\000r\000e\000\040\000\040}{chapter.14}% 192
\BOOKMARK [0][-]{chapter.15}{\376\377\000D\000Y\000N\000\040\040\023\000\040\0000\0006\000\040\040\023\000\040\000P\000F\000D\000\040\000/\000\040\000S\000T\000O\000C\000K}{part.4}% 193
\BOOKMARK [1][-]{section.15.1}{\376\377\000M\000o\000u\000v\000e\000m\000e\000n\000t\000\040\000T\000\040\040\023\000\040\000\040}{chapter.15}% 194
\BOOKMARK [1][-]{section.15.2}{\376\377\000M\000o\000u\000v\000e\000m\000e\000n\000t\000\040\000R\000\040\000\040}{chapter.15}% 195
\BOOKMARK [1][-]{section.15.3}{\376\377\000M\000o\000u\000v\000e\000m\000e\000n\000t\000\040\000T\000T\000\040\040\023\000\040\000\040}{chapter.15}% 196
\BOOKMARK [1][-]{section.15.4}{\376\377\000M\000o\000u\000v\000e\000m\000e\000n\000t\000\040\000R\000R\000\040\000\040}{chapter.15}% 197
\BOOKMARK [1][-]{section.15.5}{\376\377\000M\000o\000u\000v\000e\000m\000e\000n\000t\000\040\000R\000T\000\040\000\040}{chapter.15}% 198
\BOOKMARK [1][-]{section.15.6}{\376\377\000M\000o\000u\000v\000e\000m\000e\000n\000t\000\040\000R\000T\000\040\000\040}{chapter.15}% 199
\BOOKMARK [1][-]{section.15.7}{\376\377\000M\000o\000u\000v\000e\000m\000e\000n\000t\000\040\000R\000R\000\040\0003\000D\000\040\000\040}{chapter.15}% 200
\BOOKMARK [1][-]{section.15.8}{\376\377\000M\000o\000u\000v\000e\000m\000e\000n\000t\000\040\000R\000R\000\040\0003\000D\000\040\000\040}{chapter.15}% 201
\BOOKMARK [-1][-]{part.5}{\376\377\000V\000\040\000\311\000l\000e\000c\000t\000r\000i\000c\000i\000t\000\351\000\040\000e\000t\000\040\000\351\000l\000e\000c\000t\000r\000o\000m\000\351\000c\000a\000n\000i\000q\000u\000e}{}% 202
\BOOKMARK [0][-]{chapter.16}{\376\377\000E\000L\000E\000C\000\040\040\023\000\040\0000\0001}{part.5}% 203
\BOOKMARK [1][-]{section.16.1}{\376\377\000C\000i\000r\000c\000u\000i\000t\000\040\000\351\000l\000e\000c\000t\000r\000i\000q\000u\000e\000\040\000\040}{chapter.16}% 204
\BOOKMARK [1][-]{section.16.2}{\376\377\000R\000\351\000s\000i\000s\000t\000a\000n\000c\000e\000\040\000\351\000q\000u\000i\000v\000a\000l\000e\000n\000t\000e\000\040\000\040}{chapter.16}% 205
\BOOKMARK [1][-]{section.16.3}{\376\377\000C\000i\000r\000c\000u\000i\000t\000\040\000\351\000l\000e\000c\000t\000r\000i\000q\000u\000e\000\040}{chapter.16}% 206
\BOOKMARK [1][-]{section.16.4}{\376\377\000R\000\351\000s\000i\000s\000t\000a\000n\000c\000e\000\040\000\351\000q\000u\000i\000v\000a\000l\000e\000n\000t\000e\000\040}{chapter.16}% 207
\BOOKMARK [1][-]{section.16.5}{\376\377\000R\000\351\000s\000i\000s\000t\000a\000n\000c\000e\000\040\000\351\000q\000u\000i\000v\000a\000l\000e\000n\000t\000e\000\040\000\040}{chapter.16}% 208
\BOOKMARK [0][-]{chapter.17}{\376\377\000E\000L\000E\000C\000\040\040\023\000\040\0000\0004\000\040\040\023\000\040\000M\000C\000C}{part.5}% 209
\BOOKMARK [1][-]{section.17.1}{\376\377\000M\000C\000C\000\040\000\340\000\040\000e\000x\000c\000i\000t\000a\000t\000i\000o\000n\000\040\000i\000n\000d\000\351\000p\000e\000n\000d\000a\000n\000t\000e\000\040\000\040}{chapter.17}% 210
\BOOKMARK [0][-]{chapter.18}{\376\377\000E\000L\000E\000C\000\040\040\023\000\040\0000\0005\000\040\040\023\000\040\000M\000A}{part.5}% 211
\BOOKMARK [1][-]{section.18.1}{\376\377\000L\000e\000\040\000b\000a\000n\000c\000\040\000b\000a\000l\000a\000f\000r\000e\000\040\000\040}{chapter.18}% 212
\BOOKMARK [-1][-]{part.6}{\376\377\000V\000I\000\040\000G\000\351\000o\000m\000\351\000t\000r\000i\000e\000\040\000d\000e\000s\000\040\000m\000\351\000c\000a\000n\000i\000s\000m\000e\000s}{}% 213
\BOOKMARK [0][-]{chapter.19}{\376\377\000G\000E\000O\000\040\040\023\000\040\0000\0001}{part.6}% 214
\BOOKMARK [1][-]{section.19.1}{\376\377\000M\000o\000u\000v\000e\000m\000e\000n\000t\000\040\000T\000\040\040\023\000\040\000\040}{chapter.19}% 215
\BOOKMARK [1][-]{section.19.2}{\376\377\000M\000o\000u\000v\000e\000m\000e\000n\000t\000\040\000R\000\040\000\040}{chapter.19}% 216
\BOOKMARK [1][-]{section.19.3}{\376\377\000M\000o\000u\000v\000e\000m\000e\000n\000t\000\040\000T\000T\000\040\040\023\000\040\000\040}{chapter.19}% 217
\BOOKMARK [1][-]{section.19.4}{\376\377\000M\000o\000u\000v\000e\000m\000e\000n\000t\000\040\000R\000R\000\040\000\040}{chapter.19}% 218
\BOOKMARK [1][-]{section.19.5}{\376\377\000M\000o\000u\000v\000e\000m\000e\000n\000t\000\040\000R\000T\000\040\000\040}{chapter.19}% 219
\BOOKMARK [1][-]{section.19.6}{\376\377\000M\000o\000u\000v\000e\000m\000e\000n\000t\000\040\000R\000T\000\040\000\040}{chapter.19}% 220
\BOOKMARK [1][-]{section.19.7}{\376\377\000M\000o\000u\000v\000e\000m\000e\000n\000t\000\040\000R\000R\000\040\0003\000D\000\040\000\040}{chapter.19}% 221
\BOOKMARK [1][-]{section.19.8}{\376\377\000M\000o\000u\000v\000e\000m\000e\000n\000t\000\040\000R\000R\000\040\0003\000D\000\040\000\040}{chapter.19}% 222
\BOOKMARK [1][-]{section.19.9}{\376\377\000M\000o\000u\000v\000e\000m\000e\000n\000t\000\040\000R\000T\000\040\040\023\000\040\000R\000S\000G\000\040\000\040}{chapter.19}% 223
\BOOKMARK [1][-]{section.19.10}{\376\377\000P\000o\000m\000p\000e\000\040\000\340\000\040\000p\000a\000l\000e\000t\000t\000e\000s\000\040\000\040}{chapter.19}% 224
\BOOKMARK [1][-]{section.19.11}{\376\377\000P\000o\000m\000p\000e\000\040\000\340\000\040\000p\000i\000s\000t\000o\000n\000\040\000a\000x\000i\000a\000l\000\040\000\040}{chapter.19}% 225
\BOOKMARK [1][-]{section.19.12}{\376\377\000S\000y\000s\000t\000\350\000m\000e\000\040\000b\000i\000e\000l\000l\000e\000\040\000m\000a\000n\000i\000v\000e\000l\000l\000e\000\040\000\040}{chapter.19}% 226
\BOOKMARK [1][-]{section.19.13}{\376\377\000P\000o\000m\000p\000e\000\040\000o\000s\000c\000i\000l\000l\000a\000n\000t\000e\000\040\000\040}{chapter.19}% 227
