\BOOKMARK [0][-]{chapter.1}{\376\377\000C\000I\000N}{}% 1
\BOOKMARK [1][-]{section.1.1}{\376\377\000C\000I\000N\000-\0000\0001\000-\000P\000a\000r\000a\000m\000e\000t\000r\000a\000g\000e}{chapter.1}% 2
\BOOKMARK [2][-]{section*.2}{\376\377\0000\0001\000\137\000T}{section.1.1}% 3
\BOOKMARK [2][-]{section*.4}{\376\377\0000\0001\000\137\000T\000\137\0000\0002}{section.1.1}% 4
\BOOKMARK [2][-]{section*.6}{\376\377\0000\0002\000\137\000R}{section.1.1}% 5
\BOOKMARK [2][-]{section*.8}{\376\377\0000\0002\000\137\000R\000\137\0000\0002}{section.1.1}% 6
\BOOKMARK [2][-]{section*.10}{\376\377\0000\0003\000\137\000T\000T}{section.1.1}% 7
\BOOKMARK [2][-]{section*.12}{\376\377\0000\0003\000\137\000T\000T\000\137\0000\0002}{section.1.1}% 8
\BOOKMARK [2][-]{section*.14}{\376\377\0000\0004\000\137\000R\000R}{section.1.1}% 9
\BOOKMARK [2][-]{section*.16}{\376\377\0000\0004\000\137\000R\000R\000\137\0000\0002}{section.1.1}% 10
\BOOKMARK [2][-]{section*.18}{\376\377\0000\0005\000\137\000R\000T}{section.1.1}% 11
\BOOKMARK [2][-]{section*.20}{\376\377\0000\0005\000\137\000R\000T\000\137\0000\0002}{section.1.1}% 12
\BOOKMARK [2][-]{section*.22}{\376\377\0000\0006\000\137\000T\000R}{section.1.1}% 13
\BOOKMARK [2][-]{section*.24}{\376\377\0000\0006\000\137\000T\000R\000\137\0000\0002}{section.1.1}% 14
\BOOKMARK [2][-]{section*.26}{\376\377\0000\0007\000\137\000R\000R\0003\000D}{section.1.1}% 15
\BOOKMARK [2][-]{section*.28}{\376\377\0000\0007\000\137\000R\000R\0003\000D\000\137\0000\0002}{section.1.1}% 16
\BOOKMARK [2][-]{section*.30}{\376\377\0000\0008\000\137\000R\000R\0003\000D}{section.1.1}% 17
\BOOKMARK [2][-]{section*.32}{\376\377\0000\0008\000\137\000R\000R\0003\000D\000\137\0000\0002}{section.1.1}% 18
\BOOKMARK [2][-]{section*.34}{\376\377\0000\0009\000\137\000R\000T\000\137\000R\000S\000G}{section.1.1}% 19
\BOOKMARK [2][-]{section*.36}{\376\377\0001\0000\0001\0008\000\137\000B\000o\000r\000n\000e\000R\000e\000g\000l\000a\000b\000l\000e}{section.1.1}% 20
\BOOKMARK [2][-]{section*.39}{\376\377\0001\0000\0001\0009\000\137\000R\000o\000b\000o\000t\000P\000e\000i\000n\000t\000u\000r\000e}{section.1.1}% 21
\BOOKMARK [2][-]{section*.43}{\376\377\0001\0000\0002\0000\000\137\000P\000o\000m\000p\000e\000E\000n\000s\000i\000e\000t\000a}{section.1.1}% 22
\BOOKMARK [2][-]{section*.45}{\376\377\0001\0000\0002\0004\000\137\000P\000r\000o\000d\000V\000e\000c\000t}{section.1.1}% 23
\BOOKMARK [2][-]{section*.47}{\376\377\0001\0000\000\137\000P\000o\000m\000p\000e\000P\000a\000l\000e\000t\000t\000e}{section.1.1}% 24
\BOOKMARK [2][-]{section*.49}{\376\377\0001\0001\000\137\000P\000o\000m\000p\000e\000P\000i\000s\000t\000o\000n\000s\000R\000a\000d\000i\000a\000u\000x}{section.1.1}% 25
\BOOKMARK [2][-]{section*.51}{\376\377\0001\0002\000\137\000B\000i\000e\000l\000l\000e\000M\000a\000n\000i\000v\000e\000l\000l\000e}{section.1.1}% 26
\BOOKMARK [2][-]{section*.53}{\376\377\0001\0003\000\137\000T\000r\000a\000n\000s\000f\000o\000M\000o\000u\000v\000e\000m\000e\000n\000t}{section.1.1}% 27
\BOOKMARK [2][-]{section*.55}{\376\377\0001\0004\000\137\000S\000y\000m\000p\000a\000c\000t}{section.1.1}% 28
\BOOKMARK [2][-]{section*.57}{\376\377\0001\0005\000\137\000S\000y\000m\000p\000a\000c\000t\000G\000a\000l\000e\000t}{section.1.1}% 29
\BOOKMARK [2][-]{section*.59}{\376\377\0001\0006\000\137\000P\000o\000u\000s\000s\000o\000i\000r}{section.1.1}% 30
\BOOKMARK [2][-]{section*.61}{\376\377\0001\0007\000\137\0004\000B\000a\000r\000r\000e\000s}{section.1.1}% 31
\BOOKMARK [2][-]{section*.63}{\376\377\0001\0008\000\137\000M\000a\000x\000p\000i\000d}{section.1.1}% 32
\BOOKMARK [2][-]{section*.65}{\376\377\0004\0006\000\137\000R\000R\000\137\000R\000S\000G}{section.1.1}% 33
\BOOKMARK [2][-]{section*.67}{\376\377\0005\0001\0003\000\137\000D\000i\000v\000e\000r\000s\000\137\000T\000a\000b\000o\000u\000r\000e\000t}{section.1.1}% 34
\BOOKMARK [2][-]{section*.69}{\376\377\0005\0001\0004\000\137\000D\000i\000v\000e\000r\000s\000\137\000T\000a\000b\000o\000u\000r\000e\000t}{section.1.1}% 35
\BOOKMARK [1][-]{section.1.2}{\376\377\000C\000I\000N\000-\0000\0002\000-\000V\000i\000t\000e\000s\000s\000e\000A\000c\000c\000e\000l\000e\000r\000a\000t\000i\000o\000n}{chapter.1}% 36
\BOOKMARK [2][-]{section*.71}{\376\377\0000\0001\000\137\000T}{section.1.2}% 37
\BOOKMARK [2][-]{section*.73}{\376\377\0000\0001\000\137\000T\000\137\0000\0002}{section.1.2}% 38
\BOOKMARK [2][-]{section*.75}{\376\377\0000\0002\000\137\000R}{section.1.2}% 39
\BOOKMARK [2][-]{section*.77}{\376\377\0000\0002\000\137\000R\000\137\0000\0002}{section.1.2}% 40
\BOOKMARK [2][-]{section*.79}{\376\377\0000\0003\000\137\000T\000T}{section.1.2}% 41
\BOOKMARK [2][-]{section*.81}{\376\377\0000\0003\000\137\000T\000T\000\137\0000\0002}{section.1.2}% 42
\BOOKMARK [2][-]{section*.83}{\376\377\0000\0004\000\137\000R\000R}{section.1.2}% 43
\BOOKMARK [2][-]{section*.85}{\376\377\0000\0004\000\137\000R\000R\000\137\0000\0002}{section.1.2}% 44
\BOOKMARK [2][-]{section*.87}{\376\377\0000\0005\000\137\000R\000T}{section.1.2}% 45
\BOOKMARK [2][-]{section*.89}{\376\377\0000\0005\000\137\000R\000T\000\137\0000\0002}{section.1.2}% 46
\BOOKMARK [2][-]{section*.91}{\376\377\0000\0006\000\137\000T\000R}{section.1.2}% 47
\BOOKMARK [2][-]{section*.93}{\376\377\0000\0006\000\137\000T\000R\000\137\0000\0002}{section.1.2}% 48
\BOOKMARK [2][-]{section*.95}{\376\377\0000\0007\000\137\000R\000R\0003\000D}{section.1.2}% 49
\BOOKMARK [2][-]{section*.97}{\376\377\0000\0007\000\137\000R\000R\0003\000D\000\137\0000\0002}{section.1.2}% 50
\BOOKMARK [2][-]{section*.100}{\376\377\0000\0008\000\137\000R\000R\0003\000D}{section.1.2}% 51
\BOOKMARK [2][-]{section*.102}{\376\377\0000\0008\000\137\000R\000R\0003\000D\000\137\0000\0002}{section.1.2}% 52
\BOOKMARK [2][-]{section*.104}{\376\377\0000\0009\000\137\000R\000T\000\137\000R\000S\000G}{section.1.2}% 53
\BOOKMARK [2][-]{section*.105}{\376\377\0001\0000\0002\0005\000\137\000R\000T\000R}{section.1.2}% 54
\BOOKMARK [2][-]{section*.107}{\376\377\0001\0000\000\137\000P\000o\000m\000p\000e\000P\000a\000l\000e\000t\000t\000e}{section.1.2}% 55
\BOOKMARK [2][-]{section*.110}{\376\377\0001\0001\000\137\000P\000o\000m\000p\000e\000P\000i\000s\000t\000o\000n\000s\000R\000a\000d\000i\000a\000u\000x}{section.1.2}% 56
\BOOKMARK [2][-]{section*.113}{\376\377\0001\0002\000\137\000B\000i\000e\000l\000l\000e\000M\000a\000n\000i\000v\000e\000l\000l\000e}{section.1.2}% 57
\BOOKMARK [2][-]{section*.115}{\376\377\0001\0003\000\137\000T\000r\000a\000n\000s\000f\000o\000M\000o\000u\000v\000e\000m\000e\000n\000t}{section.1.2}% 58
\BOOKMARK [2][-]{section*.117}{\376\377\0001\0004\000\137\000S\000y\000m\000p\000a\000c\000t}{section.1.2}% 59
\BOOKMARK [2][-]{section*.120}{\376\377\0001\0005\000\137\000S\000y\000m\000p\000a\000c\000t\000G\000a\000l\000e\000t}{section.1.2}% 60
\BOOKMARK [2][-]{section*.122}{\376\377\0001\0006\000\137\000P\000o\000u\000s\000s\000o\000i\000r}{section.1.2}% 61
\BOOKMARK [2][-]{section*.124}{\376\377\0001\0007\000\137\0004\000B\000a\000r\000r\000e\000s}{section.1.2}% 62
\BOOKMARK [2][-]{section*.126}{\376\377\0001\0008\000\137\000M\000a\000x\000p\000i\000d}{section.1.2}% 63
\BOOKMARK [2][-]{section*.128}{\376\377\0004\0006\000\137\000R\000R\000\137\000R\000S\000G}{section.1.2}% 64
\BOOKMARK [1][-]{section.1.3}{\376\377\000C\000I\000N\000-\0000\0003\000-\000T\000r\000a\000n\000s\000m\000e\000t\000t\000e\000u\000r\000s}{chapter.1}% 65
\BOOKMARK [2][-]{section*.130}{\376\377\0002\0001\000\137\000T\000r\000a\000i\000n\000S\000i\000m\000p\000l\000e}{section.1.3}% 66
\BOOKMARK [2][-]{section*.132}{\376\377\0002\0002\000\137\000T\000r\000a\000i\000n\000S\000i\000m\000p\000l\000e}{section.1.3}% 67
\BOOKMARK [2][-]{section*.134}{\376\377\0002\0003\000\137\000T\000r\000a\000i\000n\000S\000i\000m\000p\000l\000e}{section.1.3}% 68
\BOOKMARK [2][-]{section*.136}{\376\377\0002\0004\000\137\000T\000r\000a\000i\000n\000S\000i\000m\000p\000l\000e}{section.1.3}% 69
\BOOKMARK [2][-]{section*.138}{\376\377\0002\0005\000\137\000C\000h\000e\000v\000i\000l\000l\000e}{section.1.3}% 70
\BOOKMARK [2][-]{section*.141}{\376\377\0002\0006\000\137\000R\000o\000u\000e\000M\000o\000t\000r\000i\000c\000e}{section.1.3}% 71
\BOOKMARK [2][-]{section*.143}{\376\377\0002\0007\000\137\000T\000r\000a\000i\000n\000E\000p\000i}{section.1.3}% 72
\BOOKMARK [2][-]{section*.145}{\376\377\0002\0008\000\137\000T\000r\000a\000i\000n\000E\000p\000i}{section.1.3}% 73
\BOOKMARK [2][-]{section*.147}{\376\377\0002\0009\000\137\000T\000r\000a\000i\000n\000E\000p\000i}{section.1.3}% 74
\BOOKMARK [2][-]{section*.149}{\376\377\0003\0000\000\137\000T\000r\000a\000i\000n\000E\000p\000i}{section.1.3}% 75
\BOOKMARK [2][-]{section*.151}{\376\377\0003\0001\000\137\000R\000e\000d\000e\000x}{section.1.3}% 76
\BOOKMARK [2][-]{section*.152}{\376\377\0003\0002\000\137\000B\000r\000o\000y\000e\000u\000r}{section.1.3}% 77
\BOOKMARK [2][-]{section*.154}{\376\377\0003\0003\000\137\000C\000e\000n\000t\000r\000i\000f\000u\000g\000e\000u\000s\000e}{section.1.3}% 78
\BOOKMARK [2][-]{section*.156}{\376\377\0003\0004\000\137\000C\000o\000n\000t\000r\000o\000l\000X}{section.1.3}% 79
\BOOKMARK [2][-]{section*.158}{\376\377\0003\0005\000\137\000V\000a\000r\000i\000o}{section.1.3}% 80
\BOOKMARK [2][-]{section*.160}{\376\377\0003\0006\000\137\000V\000i\000s\000E\000c\000r\000o\000u}{section.1.3}% 81
\BOOKMARK [2][-]{section*.162}{\376\377\0003\0007\000\137\000V\000i\000s\000E\000c\000r\000o\000u}{section.1.3}% 82
\BOOKMARK [2][-]{section*.164}{\376\377\0003\0008\000\137\000T\000r\000e\000u\000i\000l}{section.1.3}% 83
\BOOKMARK [2][-]{section*.166}{\376\377\0009\0001\000\137\000P\000o\000r\000t\000e\000A\000v\000i\000o\000n}{section.1.3}% 84
\BOOKMARK [2][-]{section*.168}{\376\377\0009\0002\000\137\000C\000o\000l\000o\000s\000s\000u\000s}{section.1.3}% 85
\BOOKMARK [2][-]{section*.172}{\376\377\0009\0003\000\137\000L\000o\000k\000o\000m\000a\000t}{section.1.3}% 86
\BOOKMARK [2][-]{section*.173}{\376\377\0009\0004\000\137\000T\000a\000u\000r\000u\000s}{section.1.3}% 87
\BOOKMARK [0][-]{chapter.2}{\376\377\000C\000O\000R}{}% 88
\BOOKMARK [1][-]{section.2.1}{\376\377\000C\000O\000R\000-\0000\0002\000-\000P}{chapter.2}% 89
\BOOKMARK [2][-]{section*.179}{\376\377\0006\0005\000\137\000E\000c\000l\000i\000p\000s\000e}{section.2.1}% 90
\BOOKMARK [1][-]{section.2.2}{\376\377\000C\000O\000R\000-\0000\0003\000-\000P\000I}{chapter.2}% 91
\BOOKMARK [2][-]{section*.181}{\376\377\0006\0004\000\137\000E\000P\000A\000S}{section.2.2}% 92
\BOOKMARK [2][-]{section*.184}{\376\377\0006\0005\000\137\000E\000c\000l\000i\000p\000s\000e\000\137\0000\0002}{section.2.2}% 93
\BOOKMARK [2][-]{section*.187}{\376\377\0006\0006\000\137\000M\000i\000c\000r\000o\000m\000a\000n\000i\000p\000u\000l\000a\000t\000e\000u\000r}{section.2.2}% 94
\BOOKMARK [2][-]{section*.192}{\376\377\0006\0007\000\137\000P\000o\000m\000p\000e\000T\000u\000r\000b\000o}{section.2.2}% 95
\BOOKMARK [2][-]{section*.196}{\376\377\0006\0008\000\137\000R\000o\000b\000u\000r\000o\000c}{section.2.2}% 96
\BOOKMARK [2][-]{section*.202}{\376\377\0007\0000\000\137\000H\000u\000b\000l\000e\000x}{section.2.2}% 97
\BOOKMARK [1][-]{section.2.3}{\376\377\000C\000O\000R\000-\0000\0004\000-\000A\000P}{chapter.2}% 98
\BOOKMARK [2][-]{section*.208}{\376\377\0006\0005\000\137\000E\000c\000l\000i\000p\000s\000e\000\137\0000\0003}{section.2.3}% 99
\BOOKMARK [0][-]{chapter.3}{\376\377\000D\000Y\000N}{}% 100
\BOOKMARK [1][-]{section.3.1}{\376\377\000D\000Y\000N\000-\0000\0001}{chapter.3}% 101
\BOOKMARK [2][-]{section*.213}{\376\377\0000\0001\000\137\000T}{section.3.1}% 102
\BOOKMARK [2][-]{section*.216}{\376\377\0000\0002\000\137\000R}{section.3.1}% 103
\BOOKMARK [2][-]{section*.218}{\376\377\0001\0004\000\137\000S\000y\000m\000p\000a\000c\000t}{section.3.1}% 104
\BOOKMARK [2][-]{section*.220}{\376\377\0006\0001\000\137\000H\000e\000m\000o\000s\000t\000a\000s\000e}{section.3.1}% 105
\BOOKMARK [2][-]{section*.222}{\376\377\0006\0001\000\137\000H\000e\000m\000o\000s\000t\000a\000s\000e\000\137\0000\0002}{section.3.1}% 106
\BOOKMARK [2][-]{section*.225}{\376\377\0006\0003\000\137\000B\000a\000n\000c\000H\000y\000d\000r\000a\000u\000l\000i\000q\000u\000e}{section.3.1}% 107
\BOOKMARK [1][-]{section.3.2}{\376\377\000D\000Y\000N\000-\0000\0003\000-\000I\000n\000e\000r\000t\000i\000e}{chapter.3}% 108
\BOOKMARK [2][-]{section*.228}{\376\377\0001\0000\0002\0006\000\137\000P\000a\000l\000e}{section.3.2}% 109
\BOOKMARK [2][-]{section*.230}{\376\377\0004\0000\000\137\000P\000a\000r\000a\000l\000l\000e\000l\000e\000p\000i\000p\000e\000d\000e}{section.3.2}% 110
\BOOKMARK [2][-]{section*.232}{\376\377\0004\0001\000\137\000P\000a\000r\000a\000l\000l\000e\000l\000e\000p\000i\000p\000e\000d\000e}{section.3.2}% 111
\BOOKMARK [2][-]{section*.234}{\376\377\0004\0002\000\137\000C\000y\000l\000i\000n\000d\000r\000e}{section.3.2}% 112
\BOOKMARK [2][-]{section*.236}{\376\377\0004\0003\000\137\000C\000y\000l\000i\000n\000d\000r\000e}{section.3.2}% 113
\BOOKMARK [2][-]{section*.238}{\376\377\0004\0004\000\137\000D\000i\000s\000q\000u\000e}{section.3.2}% 114
\BOOKMARK [2][-]{section*.240}{\376\377\0004\0005\000\137\000D\000i\000s\000q\000u\000e}{section.3.2}% 115
\BOOKMARK [2][-]{section*.242}{\376\377\0005\0000\000\137\000B\000a\000n\000c\000B\000a\000l\000a\000f\000r\000e}{section.3.2}% 116
\BOOKMARK [2][-]{section*.244}{\376\377\0006\0004\000\137\000E\000P\000A\000S}{section.3.2}% 117
\BOOKMARK [2][-]{section*.246}{\376\377\0006\0005\000\137\000E\000c\000l\000i\000p\000s\000e}{section.3.2}% 118
\BOOKMARK [1][-]{section.3.3}{\376\377\000D\000Y\000N\000-\0000\0004\000-\000T\000o\000r\000s\000e\000u\000r\000D\000y\000n\000a\000m\000i\000q\000u\000e}{chapter.3}% 119
\BOOKMARK [2][-]{section*.248}{\376\377\0000\0001\000\137\000T}{section.3.3}% 120
\BOOKMARK [2][-]{section*.250}{\376\377\0000\0001\000\137\000T\000\137\0000\0002}{section.3.3}% 121
\BOOKMARK [2][-]{section*.252}{\376\377\0000\0002\000\137\000R}{section.3.3}% 122
\BOOKMARK [2][-]{section*.254}{\376\377\0000\0003\000\137\000T\000T}{section.3.3}% 123
\BOOKMARK [2][-]{section*.256}{\376\377\0000\0004\000\137\000R\000R}{section.3.3}% 124
\BOOKMARK [2][-]{section*.258}{\376\377\0000\0005\000\137\000R\000T}{section.3.3}% 125
\BOOKMARK [2][-]{section*.260}{\376\377\0000\0006\000\137\000T\000R}{section.3.3}% 126
\BOOKMARK [2][-]{section*.263}{\376\377\0000\0007\000\137\000R\000R\0003\000D}{section.3.3}% 127
\BOOKMARK [2][-]{section*.265}{\376\377\0000\0008\000\137\000R\000R\0003\000D}{section.3.3}% 128
\BOOKMARK [2][-]{section*.267}{\376\377\0000\0009\000\137\000R\000T\000\137\000R\000S\000G}{section.3.3}% 129
\BOOKMARK [2][-]{section*.269}{\376\377\0001\0000\0002\0005\000\137\000R\000T\000R}{section.3.3}% 130
\BOOKMARK [2][-]{section*.271}{\376\377\0004\0006\000\137\000R\000R\000\137\000R\000S\000G}{section.3.3}% 131
\BOOKMARK [2][-]{section*.273}{\376\377\0005\0000\000\137\000B\000a\000n\000c\000B\000a\000l\000a\000f\000r\000e}{section.3.3}% 132
\BOOKMARK [2][-]{section*.275}{\376\377\0006\0004\000\137\000E\000P\000A\000S}{section.3.3}% 133
\BOOKMARK [2][-]{section*.277}{\376\377\000C\000o\000u\000r\000s}{section.3.3}% 134
\BOOKMARK [2][-]{section*.279}{\376\377\0000\0002\000\137\000R\000\137\0000\0002}{section.3.3}% 135
\BOOKMARK [2][-]{section*.281}{\376\377\0000\0003\000\137\000T\000T\000\137\0000\0002}{section.3.3}% 136
\BOOKMARK [2][-]{section*.283}{\376\377\0000\0004\000\137\000R\000R\000\137\0000\0002}{section.3.3}% 137
\BOOKMARK [2][-]{section*.285}{\376\377\0000\0005\000\137\000R\000T\000\137\0000\0002}{section.3.3}% 138
\BOOKMARK [2][-]{section*.287}{\376\377\0000\0006\000\137\000T\000R\000\137\0000\0002}{section.3.3}% 139
\BOOKMARK [2][-]{section*.289}{\376\377\0000\0007\000\137\000R\000R\0003\000D\000\137\0000\0002}{section.3.3}% 140
\BOOKMARK [2][-]{section*.291}{\376\377\0000\0008\000\137\000R\000R\0003\000D\000\137\0000\0002}{section.3.3}% 141
\BOOKMARK [2][-]{section*.293}{\376\377\0001\0000\000\137\000P\000o\000m\000p\000e\000P\000a\000l\000e\000t\000t\000e}{section.3.3}% 142
\BOOKMARK [2][-]{section*.295}{\376\377\0001\0001\000\137\000P\000o\000m\000p\000e\000P\000i\000s\000t\000o\000n\000s\000R\000a\000d\000i\000a\000u\000x}{section.3.3}% 143
\BOOKMARK [2][-]{section*.297}{\376\377\0001\0002\000\137\000B\000i\000e\000l\000l\000e\000M\000a\000n\000i\000v\000e\000l\000l\000e}{section.3.3}% 144
\BOOKMARK [2][-]{section*.299}{\376\377\0001\0003\000\137\000T\000r\000a\000n\000s\000f\000o\000M\000o\000u\000v\000e\000m\000e\000n\000t}{section.3.3}% 145
\BOOKMARK [2][-]{section*.301}{\376\377\0001\0004\000\137\000S\000y\000m\000p\000a\000c\000t}{section.3.3}% 146
\BOOKMARK [2][-]{section*.303}{\376\377\0001\0005\000\137\000S\000y\000m\000p\000a\000c\000t\000G\000a\000l\000e\000t}{section.3.3}% 147
\BOOKMARK [2][-]{section*.305}{\376\377\0001\0006\000\137\000P\000o\000u\000s\000s\000o\000i\000r}{section.3.3}% 148
\BOOKMARK [2][-]{section*.307}{\376\377\0001\0007\000\137\0004\000B\000a\000r\000r\000e\000s}{section.3.3}% 149
\BOOKMARK [2][-]{section*.309}{\376\377\0001\0008\000\137\000M\000a\000x\000p\000i\000d}{section.3.3}% 150
\BOOKMARK [1][-]{section.3.4}{\376\377\000D\000Y\000N\000-\0000\0005\000-\000M\000e\000t\000h\000o\000d\000e}{chapter.3}% 151
\BOOKMARK [2][-]{section*.311}{\376\377\0000\0001\000\137\000T}{section.3.4}% 152
\BOOKMARK [2][-]{section*.313}{\376\377\0000\0002\000\137\000R}{section.3.4}% 153
\BOOKMARK [2][-]{section*.315}{\376\377\0000\0003\000\137\000T\000T}{section.3.4}% 154
\BOOKMARK [2][-]{section*.317}{\376\377\0000\0004\000\137\000R\000R}{section.3.4}% 155
\BOOKMARK [2][-]{section*.319}{\376\377\0000\0005\000\137\000R\000T}{section.3.4}% 156
\BOOKMARK [2][-]{section*.321}{\376\377\0000\0006\000\137\000T\000R}{section.3.4}% 157
\BOOKMARK [2][-]{section*.323}{\376\377\0000\0007\000\137\000R\000R\0003\000D}{section.3.4}% 158
\BOOKMARK [2][-]{section*.325}{\376\377\0000\0008\000\137\000R\000R\0003\000D}{section.3.4}% 159
\BOOKMARK [2][-]{section*.327}{\376\377\0000\0009\000\137\000R\000T\000\137\000R\000S\000G}{section.3.4}% 160
\BOOKMARK [2][-]{section*.329}{\376\377\0004\0006\000\137\000R\000R\000\137\000R\000S\000G}{section.3.4}% 161
\BOOKMARK [2][-]{section*.331}{\376\377\0000\0001\000\137\000T\000\137\0000\0002}{section.3.4}% 162
\BOOKMARK [2][-]{section*.333}{\376\377\0000\0002\000\137\000R\000\137\0000\0002}{section.3.4}% 163
\BOOKMARK [2][-]{section*.335}{\376\377\0000\0003\000\137\000T\000T\000\137\0000\0002}{section.3.4}% 164
\BOOKMARK [2][-]{section*.337}{\376\377\0000\0004\000\137\000R\000R\000\137\0000\0002}{section.3.4}% 165
\BOOKMARK [2][-]{section*.339}{\376\377\0000\0005\000\137\000R\000T\000\137\0000\0002}{section.3.4}% 166
\BOOKMARK [2][-]{section*.341}{\376\377\0000\0006\000\137\000T\000R\000\137\0000\0002}{section.3.4}% 167
\BOOKMARK [2][-]{section*.343}{\376\377\0000\0007\000\137\000R\000R\0003\000D\000\137\0000\0002}{section.3.4}% 168
\BOOKMARK [2][-]{section*.345}{\376\377\0000\0008\000\137\000R\000R\0003\000D\000\137\0000\0002}{section.3.4}% 169
\BOOKMARK [1][-]{section.3.5}{\376\377\000D\000Y\000N\000-\0000\0006\000-\000P\000F\000D}{chapter.3}% 170
\BOOKMARK [2][-]{section*.347}{\376\377\0000\0001\000\137\000T}{section.3.5}% 171
\BOOKMARK [2][-]{section*.349}{\376\377\0000\0002\000\137\000R}{section.3.5}% 172
\BOOKMARK [2][-]{section*.351}{\376\377\0000\0003\000\137\000T\000T}{section.3.5}% 173
\BOOKMARK [2][-]{section*.353}{\376\377\0000\0004\000\137\000R\000R}{section.3.5}% 174
\BOOKMARK [2][-]{section*.355}{\376\377\0000\0005\000\137\000R\000T}{section.3.5}% 175
\BOOKMARK [2][-]{section*.358}{\376\377\0000\0006\000\137\000T\000R}{section.3.5}% 176
\BOOKMARK [2][-]{section*.361}{\376\377\0000\0007\000\137\000R\000R\0003\000D}{section.3.5}% 177
\BOOKMARK [2][-]{section*.363}{\376\377\0000\0008\000\137\000R\000R\0003\000D}{section.3.5}% 178
\BOOKMARK [2][-]{section*.365}{\376\377\0000\0009\000\137\000R\000T\000\137\000R\000S\000G}{section.3.5}% 179
\BOOKMARK [2][-]{section*.367}{\376\377\0004\0006\000\137\000R\000R\000\137\000R\000S\000G}{section.3.5}% 180
\BOOKMARK [2][-]{section*.369}{\376\377\0005\0000\000\137\000B\000a\000n\000c\000B\000a\000l\000a\000f\000r\000e}{section.3.5}% 181
\BOOKMARK [2][-]{section*.371}{\376\377\0000\0001\000\137\000T\000\137\0000\0002}{section.3.5}% 182
\BOOKMARK [2][-]{section*.373}{\376\377\0000\0002\000\137\000R\000\137\0000\0002}{section.3.5}% 183
\BOOKMARK [2][-]{section*.375}{\376\377\0000\0003\000\137\000T\000T\000\137\0000\0002}{section.3.5}% 184
\BOOKMARK [2][-]{section*.377}{\376\377\0000\0004\000\137\000R\000R\000\137\0000\0002}{section.3.5}% 185
\BOOKMARK [2][-]{section*.379}{\376\377\0000\0005\000\137\000R\000T\000\137\0000\0002}{section.3.5}% 186
\BOOKMARK [2][-]{section*.381}{\376\377\0000\0006\000\137\000T\000R\000\137\0000\0002}{section.3.5}% 187
\BOOKMARK [2][-]{section*.383}{\376\377\0000\0007\000\137\000R\000R\0003\000D\000\137\0000\0002}{section.3.5}% 188
\BOOKMARK [2][-]{section*.385}{\376\377\0000\0008\000\137\000R\000R\0003\000D\000\137\0000\0002}{section.3.5}% 189
\BOOKMARK [0][-]{chapter.4}{\376\377\000E\000L\000E\000C}{}% 190
\BOOKMARK [1][-]{section.4.1}{\376\377\000E\000L\000E\000C\000-\0000\0001}{chapter.4}% 191
\BOOKMARK [2][-]{section*.387}{\376\377\0005\0003\0004\000\137\000C\000i\000r\000c\000u\000i\000t\000E\000l\000e\000c}{section.4.1}% 192
\BOOKMARK [2][-]{section*.389}{\376\377\0005\0003\0005\000\137\000C\000i\000r\000c\000u\000i\000t\000E\000l\000e\000c}{section.4.1}% 193
\BOOKMARK [2][-]{section*.391}{\376\377\0005\0003\0006\000\137\000C\000i\000r\000c\000u\000i\000t\000E\000l\000e\000c}{section.4.1}% 194
\BOOKMARK [2][-]{section*.393}{\376\377\0005\0003\0007\000\137\000C\000i\000r\000c\000u\000i\000t\000E\000l\000e\000c}{section.4.1}% 195
\BOOKMARK [2][-]{section*.395}{\376\377\0005\0003\0008\000\137\000C\000i\000r\000c\000u\000i\000t\000E\000l\000e\000c}{section.4.1}% 196
\BOOKMARK [1][-]{section.4.2}{\376\377\000E\000L\000E\000C\000-\0000\0004\000-\000M\000C\000C}{chapter.4}% 197
\BOOKMARK [2][-]{section*.397}{\376\377\0001\0000\0002\0003\000\137\000M\000C\000C}{section.4.2}% 198
\BOOKMARK [1][-]{section.4.3}{\376\377\000E\000L\000E\000C\000-\0000\0005\000-\000M\000A}{chapter.4}% 199
\BOOKMARK [2][-]{section*.398}{\376\377\0005\0000\000\137\000B\000a\000n\000c\000B\000a\000l\000a\000f\000r\000e}{section.4.3}% 200
\BOOKMARK [0][-]{chapter.5}{\376\377\000G\000E\000O}{}% 201
\BOOKMARK [1][-]{section.5.1}{\376\377\000G\000E\000O\000-\0000\0001}{chapter.5}% 202
\BOOKMARK [2][-]{section*.403}{\376\377\0000\0001\000\137\000T}{section.5.1}% 203
\BOOKMARK [2][-]{section*.405}{\376\377\0000\0002\000\137\000R}{section.5.1}% 204
\BOOKMARK [2][-]{section*.407}{\376\377\0000\0003\000\137\000T\000T}{section.5.1}% 205
\BOOKMARK [2][-]{section*.409}{\376\377\0000\0004\000\137\000R\000R}{section.5.1}% 206
\BOOKMARK [2][-]{section*.411}{\376\377\0000\0005\000\137\000R\000T}{section.5.1}% 207
\BOOKMARK [2][-]{section*.413}{\376\377\0000\0006\000\137\000T\000R}{section.5.1}% 208
\BOOKMARK [2][-]{section*.415}{\376\377\0000\0007\000\137\000R\000R\0003\000D}{section.5.1}% 209
\BOOKMARK [2][-]{section*.417}{\376\377\0000\0008\000\137\000R\000R\0003\000D}{section.5.1}% 210
\BOOKMARK [2][-]{section*.419}{\376\377\0000\0009\000\137\000R\000T\000\137\000R\000S\000G}{section.5.1}% 211
\BOOKMARK [2][-]{section*.421}{\376\377\0001\0000\000\137\000P\000o\000m\000p\000e\000P\000a\000l\000e\000t\000t\000e}{section.5.1}% 212
\BOOKMARK [2][-]{section*.423}{\376\377\0001\0001\000\137\000P\000o\000m\000p\000e\000P\000i\000s\000t\000o\000n\000s\000R\000a\000d\000i\000a\000u\000x}{section.5.1}% 213
\BOOKMARK [2][-]{section*.425}{\376\377\0001\0002\000\137\000B\000i\000e\000l\000l\000e\000M\000a\000n\000i\000v\000e\000l\000l\000e}{section.5.1}% 214
\BOOKMARK [2][-]{section*.427}{\376\377\0001\0003\000\137\000T\000r\000a\000n\000s\000f\000o\000M\000o\000u\000v\000e\000m\000e\000n\000t}{section.5.1}% 215
\BOOKMARK [2][-]{section*.429}{\376\377\0001\0004\000\137\000S\000y\000m\000p\000a\000c\000t}{section.5.1}% 216
\BOOKMARK [2][-]{section*.431}{\376\377\0001\0005\000\137\000S\000y\000m\000p\000a\000c\000t\000G\000a\000l\000e\000t}{section.5.1}% 217
\BOOKMARK [2][-]{section*.433}{\376\377\0001\0006\000\137\000P\000o\000u\000s\000s\000o\000i\000r}{section.5.1}% 218
\BOOKMARK [2][-]{section*.435}{\376\377\0001\0007\000\137\0004\000B\000a\000r\000r\000e\000s}{section.5.1}% 219
\BOOKMARK [2][-]{section*.437}{\376\377\0001\0008\000\137\000M\000a\000x\000p\000i\000d}{section.5.1}% 220
\BOOKMARK [2][-]{section*.439}{\376\377\0004\0006\000\137\000R\000R\000\137\000R\000S\000G}{section.5.1}% 221
\BOOKMARK [1][-]{section.5.2}{\376\377\000G\000E\000O\000-\0000\0003}{chapter.5}% 222
\BOOKMARK [2][-]{section*.441}{\376\377\0001\0000\000\137\000P\000o\000m\000p\000e\000P\000a\000l\000e\000t\000t\000e}{section.5.2}% 223
\BOOKMARK [2][-]{section*.443}{\376\377\0001\0001\000\137\000P\000o\000m\000p\000e\000P\000i\000s\000t\000o\000n\000s\000R\000a\000d\000i\000a\000u\000x}{section.5.2}% 224
\BOOKMARK [2][-]{section*.445}{\376\377\0001\0002\000\137\000B\000i\000e\000l\000l\000e\000M\000a\000n\000i\000v\000e\000l\000l\000e}{section.5.2}% 225
\BOOKMARK [2][-]{section*.447}{\376\377\0001\0003\000\137\000T\000r\000a\000n\000s\000f\000o\000M\000o\000u\000v\000e\000m\000e\000n\000t}{section.5.2}% 226
\BOOKMARK [2][-]{section*.450}{\376\377\0001\0004\000\137\000S\000y\000m\000p\000a\000c\000t}{section.5.2}% 227
\BOOKMARK [2][-]{section*.452}{\376\377\0001\0005\000\137\000S\000y\000m\000p\000a\000c\000t\000G\000a\000l\000e\000t}{section.5.2}% 228
\BOOKMARK [2][-]{section*.454}{\376\377\0001\0006\000\137\000P\000o\000u\000s\000s\000o\000i\000r}{section.5.2}% 229
\BOOKMARK [2][-]{section*.456}{\376\377\0001\0007\000\137\0004\000B\000a\000r\000r\000e\000s}{section.5.2}% 230
\BOOKMARK [2][-]{section*.458}{\376\377\0001\0008\000\137\000M\000a\000x\000p\000i\000d}{section.5.2}% 231
\BOOKMARK [2][-]{section*.460}{\376\377\0001\0009\000\137\000G\000r\000a\000h\000a\000m}{section.5.2}% 232
\BOOKMARK [2][-]{section*.462}{\376\377\0002\0000\000\137\000V\000a\000r\000i\000a\000t\000e\000u\000r\000B\000i\000l\000l\000e\000s}{section.5.2}% 233
\BOOKMARK [2][-]{section*.464}{\376\377\0005\0004\000\137\000F\000a\000u\000t\000e\000u\000i\000l\000R\000o\000u\000l\000a\000n\000t}{section.5.2}% 234
\BOOKMARK [2][-]{section*.467}{\376\377\0006\0004\000\137\000E\000P\000A\000S}{section.5.2}% 235
\BOOKMARK [0][-]{chapter.6}{\376\377\000N\000U\000M}{}% 236
\BOOKMARK [1][-]{section.6.1}{\376\377\000N\000U\000M\000-\0000\0003}{chapter.6}% 237
\BOOKMARK [2][-]{section*.469}{\376\377\0001\0000\0002\0001\000\137\000E\000u\000l\000e\000r}{section.6.1}% 238
\BOOKMARK [2][-]{section*.470}{\376\377\0001\0000\0002\0002\000\137\000E\000u\000l\000e\000r}{section.6.1}% 239
\BOOKMARK [2][-]{section*.471}{\376\377\0001\0000\0002\0003\000\137\000E\000u\000l\000e\000r}{section.6.1}% 240
\BOOKMARK [0][-]{chapter.7}{\376\377\000P\000E\000R\000F}{}% 241
\BOOKMARK [1][-]{section.7.1}{\376\377\000P\000E\000R\000F\000-\0000\0002\000-\000M\000a\000r\000g\000e\000s}{chapter.7}% 242
\BOOKMARK [2][-]{section*.472}{\376\377\0006\0001\000\137\000H\000e\000m\000o\000s\000t\000a\000s\000e}{section.7.1}% 243
\BOOKMARK [2][-]{section*.477}{\376\377\0006\0002\000\137\000P\000a\000l\000e\000t\000t\000i\000s\000a\000t\000i\000o\000n}{section.7.1}% 244
\BOOKMARK [2][-]{section*.478}{\376\377\0006\0003\000\137\000B\000a\000n\000c\000H\000y\000d\000r\000a\000u\000l\000i\000q\000u\000e}{section.7.1}% 245
\BOOKMARK [2][-]{section*.483}{\376\377\0006\0004\000\137\000E\000P\000A\000S}{section.7.1}% 246
\BOOKMARK [1][-]{section.7.2}{\376\377\000P\000E\000R\000F\000-\0000\0005\000-\000P\000r\000e\000c\000i\000s\000t\000i\000o\000n\000-\000T\000V\000F}{chapter.7}% 247
\BOOKMARK [2][-]{section*.486}{\376\377\0005\0000\0001\000\137\000D\000i\000v\000e\000r\000s}{section.7.2}% 248
\BOOKMARK [2][-]{section*.488}{\376\377\0005\0000\0009\000\137\000D\000i\000v\000e\000r\000s}{section.7.2}% 249
\BOOKMARK [1][-]{section.7.3}{\376\377\000P\000E\000R\000F\000-\0000\0006\000-\000P\000r\000e\000c\000i\000s\000i\000o\000n}{chapter.7}% 250
\BOOKMARK [2][-]{section*.490}{\376\377\0006\0003\000\137\000B\000a\000n\000c\000H\000y\000d\000r\000a\000u\000l\000i\000q\000u\000e}{section.7.3}% 251
\BOOKMARK [2][-]{section*.492}{\376\377\0006\0004\000\137\000E\000P\000A\000S}{section.7.3}% 252
\BOOKMARK [2][-]{section*.494}{\376\377\0007\0003\000\137\000B\000a\000s\000s\000i\000n}{section.7.3}% 253
\BOOKMARK [0][-]{chapter.8}{\376\377\000P\000P\000M}{}% 254
\BOOKMARK [1][-]{section.8.1}{\376\377\000P\000P\000M\000-\0000\0001}{chapter.8}% 255
\BOOKMARK [2][-]{section*.496}{\376\377\0001\0000\0000\0000\000\137\000D\000e\000s\000s\000i\000n\0002\000D}{section.8.1}% 256
\BOOKMARK [2][-]{section*.499}{\376\377\0001\0000\0000\0001\000\137\000D\000e\000s\000s\000i\000n\0002\000D}{section.8.1}% 257
\BOOKMARK [2][-]{section*.502}{\376\377\0001\0000\0000\0002\000\137\000D\000e\000s\000s\000i\000n\0002\000D}{section.8.1}% 258
\BOOKMARK [2][-]{section*.505}{\376\377\0001\0000\0000\0003\000\137\000D\000e\000s\000s\000i\000n\0002\000D}{section.8.1}% 259
\BOOKMARK [2][-]{section*.508}{\376\377\0001\0000\0000\0004\000\137\000D\000e\000s\000s\000i\000n\0002\000D}{section.8.1}% 260
\BOOKMARK [2][-]{section*.511}{\376\377\0001\0000\0000\0005\000\137\000D\000e\000s\000s\000i\000n\0002\000D}{section.8.1}% 261
\BOOKMARK [2][-]{section*.514}{\376\377\0001\0000\0000\0006\000\137\000D\000e\000s\000s\000i\000n\0002\000D}{section.8.1}% 262
\BOOKMARK [2][-]{section*.517}{\376\377\0001\0000\0000\0007\000\137\000D\000e\000s\000s\000i\000n\0002\000D}{section.8.1}% 263
\BOOKMARK [2][-]{section*.520}{\376\377\0001\0000\0000\0008\000\137\000D\000e\000s\000s\000i\000n\0002\000D}{section.8.1}% 264
\BOOKMARK [2][-]{section*.523}{\376\377\0001\0000\0000\0009\000\137\000D\000e\000s\000s\000i\000n\0002\000D}{section.8.1}% 265
\BOOKMARK [2][-]{section*.526}{\376\377\0001\0000\0001\0000\000\137\000D\000e\000s\000s\000i\000n\0002\000D}{section.8.1}% 266
\BOOKMARK [2][-]{section*.529}{\376\377\0001\0000\0001\0001\000\137\000D\000e\000s\000s\000i\000n\0002\000D}{section.8.1}% 267
\BOOKMARK [2][-]{section*.531}{\376\377\0001\0000\0001\0002\000\137\000D\000e\000s\000s\000i\000n\0002\000D}{section.8.1}% 268
\BOOKMARK [2][-]{section*.533}{\376\377\0001\0000\0001\0003\000\137\000D\000e\000s\000s\000i\000n\0002\000D}{section.8.1}% 269
\BOOKMARK [2][-]{section*.535}{\376\377\0001\0000\0001\0004\000\137\000D\000e\000s\000s\000i\000n\0002\000D}{section.8.1}% 270
\BOOKMARK [2][-]{section*.536}{\376\377\0001\0000\0001\0005\000\137\000D\000e\000s\000s\000i\000n\0002\000D}{section.8.1}% 271
\BOOKMARK [2][-]{section*.537}{\376\377\0001\0000\0001\0006\000\137\000D\000e\000s\000s\000i\000n\0002\000D}{section.8.1}% 272
\BOOKMARK [2][-]{section*.539}{\376\377\0001\0000\0001\0007\000\137\000D\000e\000s\000s\000i\000n\0002\000D}{section.8.1}% 273
\BOOKMARK [2][-]{section*.541}{\376\377\0001\0000\0002\0000\000\137\000P\000o\000m\000p\000e\000E\000n\000s\000i\000e\000t\000a}{section.8.1}% 274
\BOOKMARK [1][-]{section.8.2}{\376\377\000P\000P\000M\000-\0000\0002}{chapter.8}% 275
\BOOKMARK [2][-]{section*.542}{\376\377\0001\0000\0000\0000\000\137\000D\000e\000s\000s\000i\000n\0002\000D}{section.8.2}% 276
\BOOKMARK [2][-]{section*.545}{\376\377\0002\0000\0000\0001\000\137\000B\000o\000i\000t\000i\000e\000r\000D\000i\000f\000f\000e\000r\000e\000n\000t\000i\000e\000l}{section.8.2}% 277
\BOOKMARK [2][-]{section*.546}{\376\377\0002\0000\0000\0002\000\137\000A\000x\000e\000C\000o\000m\000m\000a\000n\000d\000e}{section.8.2}% 278
\BOOKMARK [2][-]{section*.547}{\376\377\0002\0000\0000\0003\000\137\000F\000o\000u\000r\000c\000h\000e\000t\000t\000e}{section.8.2}% 279
\BOOKMARK [2][-]{section*.549}{\376\377\0002\0000\0000\0004\000\137\000S\000e\000c\000a\000t\000e\000u\000r}{section.8.2}% 280
\BOOKMARK [1][-]{section.8.3}{\376\377\000P\000P\000M\000-\0000\0003}{chapter.8}% 281
\BOOKMARK [2][-]{section*.550}{\376\377\0007\0004\000\137\000C\000h\000a\000r\000i\000o\000t}{section.8.3}% 282
\BOOKMARK [2][-]{section*.554}{\376\377\0007\0005\000\137\000T\000r\000a\000i\000n\000A\0003\0008\0000}{section.8.3}% 283
\BOOKMARK [2][-]{section*.557}{\376\377\0007\0006\000\137\000F\000i\000x\000a\000t\000i\000o\000n\000S\000k\000i}{section.8.3}% 284
\BOOKMARK [2][-]{section*.559}{\376\377\0008\0005\000\137\000F\000a\000u\000t\000e\000u\000i\000l\000B\000a\000t\000e\000a\000u}{section.8.3}% 285
\BOOKMARK [2][-]{section*.562}{\376\377\0008\0006\000\137\000M\000o\000y\000e\000u}{section.8.3}% 286
\BOOKMARK [2][-]{section*.566}{\376\377\0008\0007\000\137\000N\000a\000c\000e\000l\000l\000e}{section.8.3}% 287
\BOOKMARK [0][-]{chapter.9}{\376\377\000R\000D\000M}{}% 288
\BOOKMARK [1][-]{section.9.1}{\376\377\000R\000D\000M\000-\0000\0001\000-\000C\000o\000h\000e\000s\000i\000o\000n}{chapter.9}% 289
\BOOKMARK [2][-]{section*.569}{\376\377\0005\0002\0002\000\137\000R\000d\000M}{section.9.1}% 290
\BOOKMARK [2][-]{section*.571}{\376\377\0005\0002\0003\000\137\000R\000d\000M}{section.9.1}% 291
\BOOKMARK [2][-]{section*.573}{\376\377\0005\0002\0004\000\137\000R\000d\000M}{section.9.1}% 292
\BOOKMARK [2][-]{section*.575}{\376\377\0005\0002\0005\000\137\000R\000d\000M}{section.9.1}% 293
\BOOKMARK [2][-]{section*.577}{\376\377\0005\0002\0006\000\137\000R\000d\000M}{section.9.1}% 294
\BOOKMARK [2][-]{section*.579}{\376\377\0005\0002\0007\000\137\000R\000d\000M}{section.9.1}% 295
\BOOKMARK [2][-]{section*.581}{\376\377\0005\0002\0008\000\137\000B\000r\000o\000c\000h\000e\000F\000r\000a\000i\000s\000a\000g\000e}{section.9.1}% 296
\BOOKMARK [2][-]{section*.584}{\376\377\0005\0002\0009\000\137\000P\000a\000s\000s\000e\000r\000e\000l\000l\000e}{section.9.1}% 297
\BOOKMARK [2][-]{section*.588}{\376\377\0005\0003\0000\000\137\000B\000a\000n\000c\000H\000e\000l\000i\000c\000o}{section.9.1}% 298
\BOOKMARK [1][-]{section.9.2}{\376\377\000R\000D\000M\000-\0000\0002\000-\000T\000r\000a\000c\000t\000i\000o\000n}{chapter.9}% 299
\BOOKMARK [2][-]{section*.592}{\376\377\0005\0003\0009\000\137\000C\000o\000u\000r\000s\000\137\000R\000D\000M}{section.9.2}% 300
\BOOKMARK [1][-]{section.9.3}{\376\377\000R\000D\000M\000-\0000\0003\000-\000T\000o\000r\000s\000i\000o\000n}{chapter.9}% 301
\BOOKMARK [2][-]{section*.593}{\376\377\0005\0003\0009\000\137\000C\000o\000u\000r\000s\000\137\000R\000D\000M}{section.9.3}% 302
\BOOKMARK [1][-]{section.9.4}{\376\377\000R\000D\000M\000-\0000\0004\000-\000F\000l\000e\000x\000i\000o\000n}{chapter.9}% 303
\BOOKMARK [2][-]{section*.595}{\376\377\0005\0003\0009\000\137\000C\000o\000u\000r\000s\000\137\000R\000D\000M}{section.9.4}% 304
\BOOKMARK [1][-]{section.9.5}{\376\377\000R\000D\000M\000-\0000\0005\000-\000D\000e\000f\000o\000r\000m\000a\000t\000i\000o\000n}{chapter.9}% 305
\BOOKMARK [2][-]{section*.597}{\376\377\0005\0003\0001\000\137\000R\000d\000M}{section.9.5}% 306
\BOOKMARK [2][-]{section*.599}{\376\377\0005\0003\0002\000\137\000R\000d\000M}{section.9.5}% 307
\BOOKMARK [2][-]{section*.601}{\376\377\0005\0004\0000\000\137\000R\000d\000M}{section.9.5}% 308
\BOOKMARK [2][-]{section*.603}{\376\377\0005\0004\0001\000\137\000R\000d\000M}{section.9.5}% 309
\BOOKMARK [2][-]{section*.605}{\376\377\0005\0004\0002\000\137\000R\000d\000M}{section.9.5}% 310
\BOOKMARK [0][-]{chapter.10}{\376\377\000S\000E\000Q}{}% 311
\BOOKMARK [1][-]{section.10.1}{\376\377\000S\000E\000Q\000-\0000\0003}{chapter.10}% 312
\BOOKMARK [2][-]{section*.607}{\376\377\0005\0000\000\137\000B\000a\000n\000c\000B\000a\000l\000a\000f\000r\000e}{section.10.1}% 313
\BOOKMARK [0][-]{chapter.11}{\376\377\000S\000L\000C\000I}{}% 314
\BOOKMARK [1][-]{section.11.1}{\376\377\000S\000L\000C\000I\000-\0000\0002\000-\000F\000T}{chapter.11}% 315
\BOOKMARK [2][-]{section*.611}{\376\377\0005\0001\000\137\000M\000C\000C}{section.11.1}% 316
\BOOKMARK [1][-]{section.11.2}{\376\377\000S\000L\000C\000I\000-\0000\0003\000-\000S\000c\000h\000e\000m\000a\000B\000l\000o\000c\000s}{chapter.11}% 317
\BOOKMARK [2][-]{section*.612}{\376\377\0003\0009\000\137\000S\000e\000i\000n\000e\000M\000u\000s\000i\000c\000a\000l\000e}{section.11.2}% 318
\BOOKMARK [2][-]{section*.614}{\376\377\0004\0007\000\137\000S\000y\000s\000R\000e\000e\000d\000u\000c}{section.11.2}% 319
\BOOKMARK [2][-]{section*.617}{\376\377\0004\0008\000\137\000Q\000u\000i\000l\000l\000e}{section.11.2}% 320
\BOOKMARK [2][-]{section*.620}{\376\377\0005\0000\0000\000\137\000D\000i\000v\000e\000r\000s}{section.11.2}% 321
\BOOKMARK [2][-]{section*.623}{\376\377\0005\0000\0005\000\137\000D\000i\000v\000e\000r\000s}{section.11.2}% 322
\BOOKMARK [2][-]{section*.628}{\376\377\0005\0001\0002\000\137\000D\000i\000v\000e\000r\000s}{section.11.2}% 323
\BOOKMARK [2][-]{section*.633}{\376\377\0005\0001\000\137\000M\000C\000C}{section.11.2}% 324
\BOOKMARK [2][-]{section*.635}{\376\377\0005\0002\000\137\000V\000e\000r\000i\000n}{section.11.2}% 325
\BOOKMARK [2][-]{section*.637}{\376\377\0005\0003\000\137\000B\000a\000n\000c\000E\000p\000r\000e\000u\000v\000e\000H\000y\000d\000r\000a\000u\000l\000i\000q\000u\000e}{section.11.2}% 326
\BOOKMARK [2][-]{section*.640}{\376\377\0007\0001\000\137\000R\000o\000b\000o\000v\000o\000l\000c}{section.11.2}% 327
\BOOKMARK [2][-]{section*.642}{\376\377\0007\0007\000\137\000P\000r\000o\000t\000h\000e\000s\000e\000T\000i\000b\000i\000a}{section.11.2}% 328
\BOOKMARK [2][-]{section*.647}{\376\377\0007\0008\000\137\000R\000o\000b\000o\000t\000D\000a\000V\000i\000n\000c\000i}{section.11.2}% 329
\BOOKMARK [2][-]{section*.650}{\376\377\0007\0009\000\137\000T\000u\000y\000e\000r\000e}{section.11.2}% 330
\BOOKMARK [2][-]{section*.655}{\376\377\0008\0000\000\137\000C\000l\000e\000v\000e\000r}{section.11.2}% 331
\BOOKMARK [2][-]{section*.661}{\376\377\0009\0006\000\137\000S\000t\000a\000b\000i\000l\000i\000s\000a\000t\000e\000u\000r}{section.11.2}% 332
\BOOKMARK [1][-]{section.11.3}{\376\377\000S\000L\000C\000I\000-\0000\0007\000-\000O\000r\000d\000r\000e\0001\0002}{chapter.11}% 333
\BOOKMARK [2][-]{section*.664}{\376\377\0005\0000\0002\000\137\000D\000i\000v\000e\000r\000s}{section.11.3}% 334
\BOOKMARK [2][-]{section*.669}{\376\377\0005\0000\0003\000\137\000D\000i\000v\000e\000r\000s}{section.11.3}% 335
\BOOKMARK [2][-]{section*.672}{\376\377\0005\0000\0004\000\137\000D\000i\000v\000e\000r\000s}{section.11.3}% 336
\BOOKMARK [2][-]{section*.674}{\376\377\0005\0000\0006\000\137\000D\000i\000v\000e\000r\000s}{section.11.3}% 337
\BOOKMARK [2][-]{section*.677}{\376\377\0005\0004\0001\000\137\000C\000o\000u\000r\000s}{section.11.3}% 338
\BOOKMARK [2][-]{section*.678}{\376\377\0005\0004\0002\000\137\000C\000o\000u\000r\000s}{section.11.3}% 339
\BOOKMARK [1][-]{section.11.4}{\376\377\000S\000L\000C\000I\000-\0001\0001\000-\000D\000i\000a\000g\000r\000a\000m\000m\000e\000B\000o\000d\000e}{chapter.11}% 340
\BOOKMARK [2][-]{section*.679}{\376\377\0005\0001\0000\000\137\0000\0001\000\137\000D\000i\000v\000e\000r\000s}{section.11.4}% 341
\BOOKMARK [2][-]{section*.680}{\376\377\0005\0001\0000\000\137\0000\0002\000\137\000D\000i\000v\000e\000r\000s}{section.11.4}% 342
\BOOKMARK [2][-]{section*.682}{\376\377\0005\0001\0000\000\137\0000\0003\000\137\000D\000i\000v\000e\000r\000s}{section.11.4}% 343
\BOOKMARK [2][-]{section*.684}{\376\377\0005\0001\0000\000\137\0000\0004\000\137\000D\000i\000v\000e\000r\000s}{section.11.4}% 344
\BOOKMARK [2][-]{section*.686}{\376\377\0005\0001\0000\000\137\0000\0005\000\137\000D\000i\000v\000e\000r\000s}{section.11.4}% 345
\BOOKMARK [2][-]{section*.688}{\376\377\0005\0001\0001\000\137\000D\000i\000v\000e\000r\000s}{section.11.4}% 346
\BOOKMARK [0][-]{chapter.12}{\376\377\000S\000T\000A\000T}{}% 347
\BOOKMARK [1][-]{section.12.1}{\376\377\000S\000T\000A\000T\000-\0000\0002\000-\000F\000r\000o\000t\000t\000e\000m\000e\000n\000t}{chapter.12}% 348
\BOOKMARK [2][-]{section*.690}{\376\377\0005\0003\0002\000\137\000M\000A\000M\000\137\000F\000r\000o\000t\000t\000e\000m\000e\000n\000t\000\137\000C\000y\000l\000i\000n\000d\000r\000e}{section.12.1}% 349
\BOOKMARK [2][-]{section*.694}{\376\377\0005\0003\0003\000\137\000M\000A\000M\000\137\000F\000r\000o\000t\000t\000e\000m\000e\000n\000t\000\137\000C\000y\000l\000i\000n\000d\000r\000e}{section.12.1}% 350
\BOOKMARK [1][-]{section.12.2}{\376\377\000S\000T\000A\000T\000-\0000\0002\000-\000G\000l\000o\000b\000a\000l}{chapter.12}% 351
\BOOKMARK [2][-]{section*.698}{\376\377\0005\0001\0006\000\137\000M\000A\000M}{section.12.2}% 352
\BOOKMARK [2][-]{section*.700}{\376\377\0005\0001\0007\000\137\000M\000A\000M}{section.12.2}% 353
\BOOKMARK [2][-]{section*.702}{\376\377\0005\0001\0008\000\137\000M\000A\000M}{section.12.2}% 354
\BOOKMARK [2][-]{section*.704}{\376\377\0005\0001\0009\000\137\000M\000A\000M}{section.12.2}% 355
\BOOKMARK [2][-]{section*.706}{\376\377\0005\0002\0000\000\137\000M\000A\000M}{section.12.2}% 356
\BOOKMARK [2][-]{section*.708}{\376\377\0005\0002\0001\000\137\000M\000A\000M}{section.12.2}% 357
\BOOKMARK [1][-]{section.12.3}{\376\377\000S\000T\000A\000T\000-\0000\0002\000-\000L\000o\000c\000a\000l}{chapter.12}% 358
\BOOKMARK [2][-]{section*.710}{\376\377\0001\0000\0002\0003\000\137\000V\000i\000l\000e\000b\000r\000e\000q\000u\000i\000n}{section.12.3}% 359
\BOOKMARK [2][-]{section*.712}{\376\377\0001\0000\0002\0004\000\137\000B\000a\000l\000a\000n\000c\000i\000e\000r}{section.12.3}% 360
\BOOKMARK [2][-]{section*.714}{\376\377\0001\0000\0002\0005\000\137\000P\000a\000l\000i\000e\000r}{section.12.3}% 361
\BOOKMARK [2][-]{section*.717}{\376\377\0003\0009\000\137\000S\000e\000i\000n\000e\000M\000u\000s\000i\000c\000a\000l\000e}{section.12.3}% 362
\BOOKMARK [2][-]{section*.720}{\376\377\0005\0000\000\137\000B\000a\000n\000c\000B\000a\000l\000a\000f\000r\000e}{section.12.3}% 363
\BOOKMARK [1][-]{section.12.4}{\376\377\000S\000T\000A\000T\000-\0000\0003\000-\000D\000e\000m\000a\000r\000c\000h\000e}{chapter.12}% 364
\BOOKMARK [2][-]{section*.722}{\376\377\0000\0001\000\137\000T}{section.12.4}% 365
\BOOKMARK [2][-]{section*.724}{\376\377\0000\0002\000\137\000R}{section.12.4}% 366
\BOOKMARK [2][-]{section*.726}{\376\377\0000\0003\000\137\000T\000T}{section.12.4}% 367
\BOOKMARK [2][-]{section*.728}{\376\377\0000\0004\000\137\000R\000R}{section.12.4}% 368
\BOOKMARK [2][-]{section*.730}{\376\377\0000\0005\000\137\000R\000T}{section.12.4}% 369
\BOOKMARK [2][-]{section*.732}{\376\377\0000\0006\000\137\000T\000R}{section.12.4}% 370
\BOOKMARK [2][-]{section*.734}{\376\377\0000\0007\000\137\000R\000R\0003\000D}{section.12.4}% 371
\BOOKMARK [2][-]{section*.736}{\376\377\0000\0008\000\137\000R\000R\0003\000D}{section.12.4}% 372
\BOOKMARK [2][-]{section*.738}{\376\377\0001\0004\000\137\000S\000y\000m\000p\000a\000c\000t}{section.12.4}% 373
\BOOKMARK [2][-]{section*.741}{\376\377\0005\0005\000\137\000S\000u\000s\000p\000e\000n\000s\000i\000o\000n}{section.12.4}% 374
\BOOKMARK [2][-]{section*.743}{\376\377\0005\0007\000\137\000P\000e\000s\000e\000C\000a\000m\000i\000o\000n}{section.12.4}% 375
\BOOKMARK [2][-]{section*.745}{\376\377\0009\0005\000\137\000C\000h\000a\000s\000s\000e\000N\000e\000i\000g\000e}{section.12.4}% 376
\BOOKMARK [2][-]{section*.748}{\376\377\0000\0001\000\137\000T\000\137\0000\0002}{section.12.4}% 377
\BOOKMARK [2][-]{section*.750}{\376\377\0000\0002\000\137\000R\000\137\0000\0002}{section.12.4}% 378
\BOOKMARK [2][-]{section*.752}{\376\377\0000\0003\000\137\000T\000T\000\137\0000\0002}{section.12.4}% 379
\BOOKMARK [2][-]{section*.754}{\376\377\0000\0004\000\137\000R\000R\000\137\0000\0002}{section.12.4}% 380
\BOOKMARK [2][-]{section*.756}{\376\377\0000\0005\000\137\000R\000T\000\137\0000\0002}{section.12.4}% 381
\BOOKMARK [2][-]{section*.758}{\376\377\0000\0006\000\137\000T\000R\000\137\0000\0002}{section.12.4}% 382
\BOOKMARK [2][-]{section*.760}{\376\377\0000\0007\000\137\000R\000R\0003\000D\000\137\0000\0002}{section.12.4}% 383
\BOOKMARK [2][-]{section*.762}{\376\377\0000\0008\000\137\000R\000R\0003\000D\000\137\0000\0002}{section.12.4}% 384
\BOOKMARK [2][-]{section*.764}{\376\377\0000\0009\000\137\000R\000T\000\137\000R\000S\000G}{section.12.4}% 385
\BOOKMARK [0][-]{chapter.13}{\376\377\000S\000Y\000S}{}% 386
\BOOKMARK [1][-]{section.13.1}{\376\377\000S\000Y\000S\000-\0000\0001}{chapter.13}% 387
\BOOKMARK [2][-]{section*.766}{\376\377\0005\0008\000\137\000O\000z\0004\0004\0000}{section.13.1}% 388
\BOOKMARK [2][-]{section*.769}{\376\377\0005\0009\000\137\000L\000e\000v\000a\000g\000e}{section.13.1}% 389
\BOOKMARK [2][-]{section*.774}{\376\377\0006\0000\000\137\000E\000s\000c\000a\000l\000i\000e\000r}{section.13.1}% 390
\BOOKMARK [2][-]{section*.777}{\376\377\0001\0001\0000\0000\000\137\000P\000n\000e\000u\000m\000a\000t\000i\000q\000u\000e}{section.13.1}% 391
\BOOKMARK [2][-]{section*.780}{\376\377\0008\0000\000\137\000C\000l\000e\000v\000e\000r}{section.13.1}% 392
\BOOKMARK [2][-]{section*.784}{\376\377\0008\0008\000\137\000S\000u\000s\000p\000e\000n\000s\000i\000o\000n}{section.13.1}% 393
\BOOKMARK [2][-]{section*.787}{\376\377\0008\0009\000\137\000B\000o\000u\000e\000e}{section.13.1}% 394
\BOOKMARK [2][-]{section*.790}{\376\377\0009\0000\000\137\000P\000i\000l\000o\000t\000e}{section.13.1}% 395
\BOOKMARK [2][-]{section*.793}{\376\377\0005\0000\0007\000\137\000D\000i\000v\000e\000r\000s}{section.13.1}% 396
\BOOKMARK [2][-]{section*.794}{\376\377\0005\0000\000\137\000B\000a\000n\000c\000B\000a\000l\000a\000f\000r\000e}{section.13.1}% 397
\BOOKMARK [2][-]{section*.799}{\376\377\0005\0003\0008\000\137\000C\000o\000d\000e\000u\000r}{section.13.1}% 398
\BOOKMARK [0][-]{chapter.14}{\376\377\000T\000E\000C}{}% 399
\BOOKMARK [1][-]{section.14.1}{\376\377\000T\000E\000C\000-\0000\0004\000-\000M\000e\000q\000-\000J\000e\000q}{chapter.14}% 400
\BOOKMARK [2][-]{section*.801}{\376\377\0002\0001\000\137\000T\000r\000a\000i\000n\000S\000i\000m\000p\000l\000e}{section.14.1}% 401
\BOOKMARK [2][-]{section*.803}{\376\377\0002\0002\000\137\000T\000r\000a\000i\000n\000S\000i\000m\000p\000l\000e}{section.14.1}% 402
\BOOKMARK [2][-]{section*.805}{\376\377\0002\0003\000\137\000T\000r\000a\000i\000n\000S\000i\000m\000p\000l\000e}{section.14.1}% 403
\BOOKMARK [2][-]{section*.807}{\376\377\0002\0004\000\137\000T\000r\000a\000i\000n\000S\000i\000m\000p\000l\000e}{section.14.1}% 404
\BOOKMARK [2][-]{section*.809}{\376\377\0002\0005\000\137\000C\000h\000e\000v\000i\000l\000l\000e}{section.14.1}% 405
\BOOKMARK [2][-]{section*.812}{\376\377\0002\0006\000\137\000R\000o\000u\000e\000M\000o\000t\000r\000i\000c\000e}{section.14.1}% 406
\BOOKMARK [2][-]{section*.814}{\376\377\0002\0007\000\137\000T\000r\000a\000i\000n\000E\000p\000i}{section.14.1}% 407
\BOOKMARK [2][-]{section*.816}{\376\377\0002\0008\000\137\000T\000r\000a\000i\000n\000E\000p\000i}{section.14.1}% 408
\BOOKMARK [2][-]{section*.818}{\376\377\0002\0009\000\137\000T\000r\000a\000i\000n\000E\000p\000i}{section.14.1}% 409
\BOOKMARK [2][-]{section*.820}{\376\377\0003\0000\000\137\000T\000r\000a\000i\000n\000E\000p\000i}{section.14.1}% 410
\BOOKMARK [2][-]{section*.822}{\376\377\0003\0001\000\137\000R\000e\000d\000e\000x}{section.14.1}% 411
\BOOKMARK [2][-]{section*.824}{\376\377\0003\0002\000\137\000B\000r\000o\000y\000e\000u\000r}{section.14.1}% 412
\BOOKMARK [2][-]{section*.826}{\376\377\0003\0003\000\137\000C\000e\000n\000t\000r\000i\000f\000u\000g\000e\000u\000s\000e}{section.14.1}% 413
\BOOKMARK [2][-]{section*.828}{\376\377\0003\0004\000\137\000C\000o\000n\000t\000r\000o\000l\000X}{section.14.1}% 414
\BOOKMARK [2][-]{section*.829}{\376\377\0003\0005\000\137\000V\000a\000r\000i\000o}{section.14.1}% 415
\BOOKMARK [2][-]{section*.831}{\376\377\0003\0006\000\137\000V\000i\000s\000E\000c\000r\000o\000u}{section.14.1}% 416
\BOOKMARK [2][-]{section*.833}{\376\377\0003\0007\000\137\000V\000i\000s\000E\000c\000r\000o\000u}{section.14.1}% 417
\BOOKMARK [2][-]{section*.835}{\376\377\0003\0008\000\137\000T\000r\000e\000u\000i\000l}{section.14.1}% 418
\BOOKMARK [2][-]{section*.837}{\376\377\0009\0001\000\137\000P\000o\000r\000t\000e\000A\000v\000i\000o\000n}{section.14.1}% 419
\BOOKMARK [2][-]{section*.839}{\376\377\0009\0002\000\137\000C\000o\000l\000o\000s\000s\000u\000s}{section.14.1}% 420
\BOOKMARK [2][-]{section*.843}{\376\377\0009\0003\000\137\000L\000o\000k\000o\000m\000a\000t}{section.14.1}% 421
\BOOKMARK [2][-]{section*.845}{\376\377\0009\0004\000\137\000T\000a\000u\000r\000u\000s}{section.14.1}% 422
\BOOKMARK [1][-]{section.14.2}{\376\377\000T\000E\000C\000-\0000\0005}{chapter.14}% 423
\BOOKMARK [2][-]{section*.851}{\376\377\0001\0000\000\137\000P\000o\000m\000p\000e\000P\000a\000l\000e\000t\000t\000e}{section.14.2}% 424
\BOOKMARK [2][-]{section*.853}{\376\377\0001\0001\000\137\000P\000o\000m\000p\000e\000P\000i\000s\000t\000o\000n\000s\000R\000a\000d\000i\000a\000u\000x}{section.14.2}% 425
\BOOKMARK [2][-]{section*.855}{\376\377\0001\0002\000\137\000B\000i\000e\000l\000l\000e\000M\000a\000n\000i\000v\000e\000l\000l\000e}{section.14.2}% 426
\BOOKMARK [2][-]{section*.857}{\376\377\0001\0003\000\137\000T\000r\000a\000n\000s\000f\000o\000M\000o\000u\000v\000e\000m\000e\000n\000t}{section.14.2}% 427
\BOOKMARK [2][-]{section*.859}{\376\377\0001\0004\000\137\000S\000y\000m\000p\000a\000c\000t}{section.14.2}% 428
\BOOKMARK [2][-]{section*.861}{\376\377\0001\0005\000\137\000S\000y\000m\000p\000a\000c\000t\000G\000a\000l\000e\000t}{section.14.2}% 429
\BOOKMARK [2][-]{section*.863}{\376\377\0001\0006\000\137\000P\000o\000u\000s\000s\000o\000i\000r}{section.14.2}% 430
\BOOKMARK [2][-]{section*.865}{\376\377\0001\0007\000\137\0004\000B\000a\000r\000r\000e\000s}{section.14.2}% 431
\BOOKMARK [2][-]{section*.867}{\376\377\0001\0008\000\137\000M\000a\000x\000p\000i\000d}{section.14.2}% 432
\BOOKMARK [2][-]{section*.869}{\376\377\0001\0009\000\137\000G\000r\000a\000h\000a\000m}{section.14.2}% 433
\BOOKMARK [2][-]{section*.871}{\376\377\0002\0000\000\137\000V\000a\000r\000i\000a\000t\000e\000u\000r\000B\000i\000l\000l\000e\000s}{section.14.2}% 434
\BOOKMARK [2][-]{section*.873}{\376\377\0004\0009\000\137\000E\000l\000e\000v\000a\000t\000e\000u\000r\000B\000a\000t\000e\000a\000u\000x}{section.14.2}% 435
\BOOKMARK [2][-]{section*.875}{\376\377\0005\0000\000\137\000B\000a\000n\000c\000B\000a\000l\000a\000f\000r\000e}{section.14.2}% 436
\BOOKMARK [2][-]{section*.877}{\376\377\0006\0004\000\137\000E\000P\000A\000S}{section.14.2}% 437
